Archive member included to satisfy reference by file (symbol)

/usr/lib/gcc/arm-none-eabi/4.9.3/../../../arm-none-eabi/lib/armv7e-m/fpu/libc_nano.a(lib_a-atexit.o)
                              /usr/lib/gcc/arm-none-eabi/4.9.3/../../../arm-none-eabi/lib/armv7e-m/fpu/crt0.o (atexit)
/usr/lib/gcc/arm-none-eabi/4.9.3/../../../arm-none-eabi/lib/armv7e-m/fpu/libc_nano.a(lib_a-exit.o)
                              /usr/lib/gcc/arm-none-eabi/4.9.3/../../../arm-none-eabi/lib/armv7e-m/fpu/crt0.o (exit)
/usr/lib/gcc/arm-none-eabi/4.9.3/../../../arm-none-eabi/lib/armv7e-m/fpu/libc_nano.a(lib_a-fini.o)
                              /usr/lib/gcc/arm-none-eabi/4.9.3/../../../arm-none-eabi/lib/armv7e-m/fpu/crt0.o (__libc_fini_array)
/usr/lib/gcc/arm-none-eabi/4.9.3/../../../arm-none-eabi/lib/armv7e-m/fpu/libc_nano.a(lib_a-impure.o)
                              /usr/lib/gcc/arm-none-eabi/4.9.3/../../../arm-none-eabi/lib/armv7e-m/fpu/libc_nano.a(lib_a-exit.o) (_global_impure_ptr)
/usr/lib/gcc/arm-none-eabi/4.9.3/../../../arm-none-eabi/lib/armv7e-m/fpu/libc_nano.a(lib_a-init.o)
                              /usr/lib/gcc/arm-none-eabi/4.9.3/../../../arm-none-eabi/lib/armv7e-m/fpu/crt0.o (__libc_init_array)
/usr/lib/gcc/arm-none-eabi/4.9.3/../../../arm-none-eabi/lib/armv7e-m/fpu/libc_nano.a(lib_a-memset.o)
                              /usr/lib/gcc/arm-none-eabi/4.9.3/../../../arm-none-eabi/lib/armv7e-m/fpu/crt0.o (memset)
/usr/lib/gcc/arm-none-eabi/4.9.3/../../../arm-none-eabi/lib/armv7e-m/fpu/libc_nano.a(lib_a-__atexit.o)
                              /usr/lib/gcc/arm-none-eabi/4.9.3/../../../arm-none-eabi/lib/armv7e-m/fpu/libc_nano.a(lib_a-atexit.o) (__register_exitproc)
/usr/lib/gcc/arm-none-eabi/4.9.3/../../../arm-none-eabi/lib/armv7e-m/fpu/libc_nano.a(lib_a-__call_atexit.o)
                              /usr/lib/gcc/arm-none-eabi/4.9.3/../../../arm-none-eabi/lib/armv7e-m/fpu/libc_nano.a(lib_a-__atexit.o) (__call_exitprocs)
/usr/lib/gcc/arm-none-eabi/4.9.3/../../../arm-none-eabi/lib/armv7e-m/fpu/libnosys.a(_exit.o)
                              /usr/lib/gcc/arm-none-eabi/4.9.3/../../../arm-none-eabi/lib/armv7e-m/fpu/libc_nano.a(lib_a-exit.o) (_exit)

Allocating common symbols
Common symbol       size              file

huart3              0x70              build/usart.o
uwTick              0x4               build/stm32f3xx_hal.o
pFlash              0x20              build/stm32f3xx_hal_flash.o
hrtc                0x20              build/rtc.o
htim2               0x40              build/tim.o
hpcd_USB_FS         0x3a8             build/usb.o

Discarded input sections

 .text          0x0000000000000000        0x0 /usr/lib/gcc/arm-none-eabi/4.9.3/armv7e-m/fpu/crti.o
 .data          0x0000000000000000        0x0 /usr/lib/gcc/arm-none-eabi/4.9.3/armv7e-m/fpu/crti.o
 .bss           0x0000000000000000        0x0 /usr/lib/gcc/arm-none-eabi/4.9.3/armv7e-m/fpu/crti.o
 .data          0x0000000000000000        0x4 /usr/lib/gcc/arm-none-eabi/4.9.3/armv7e-m/fpu/crtbegin.o
 .text          0x0000000000000000       0x68 /usr/lib/gcc/arm-none-eabi/4.9.3/../../../arm-none-eabi/lib/armv7e-m/fpu/crt0.o
 .data          0x0000000000000000        0x0 /usr/lib/gcc/arm-none-eabi/4.9.3/../../../arm-none-eabi/lib/armv7e-m/fpu/crt0.o
 .bss           0x0000000000000000        0x0 /usr/lib/gcc/arm-none-eabi/4.9.3/../../../arm-none-eabi/lib/armv7e-m/fpu/crt0.o
 .ARM.extab     0x0000000000000000        0x0 /usr/lib/gcc/arm-none-eabi/4.9.3/../../../arm-none-eabi/lib/armv7e-m/fpu/crt0.o
 .ARM.exidx     0x0000000000000000        0x8 /usr/lib/gcc/arm-none-eabi/4.9.3/../../../arm-none-eabi/lib/armv7e-m/fpu/crt0.o
 .debug_line    0x0000000000000000       0x7e /usr/lib/gcc/arm-none-eabi/4.9.3/../../../arm-none-eabi/lib/armv7e-m/fpu/crt0.o
 .debug_info    0x0000000000000000       0xb0 /usr/lib/gcc/arm-none-eabi/4.9.3/../../../arm-none-eabi/lib/armv7e-m/fpu/crt0.o
 .debug_abbrev  0x0000000000000000       0x14 /usr/lib/gcc/arm-none-eabi/4.9.3/../../../arm-none-eabi/lib/armv7e-m/fpu/crt0.o
 .debug_aranges
                0x0000000000000000       0x20 /usr/lib/gcc/arm-none-eabi/4.9.3/../../../arm-none-eabi/lib/armv7e-m/fpu/crt0.o
 .ARM.attributes
                0x0000000000000000       0x20 /usr/lib/gcc/arm-none-eabi/4.9.3/../../../arm-none-eabi/lib/armv7e-m/fpu/crt0.o
 .text          0x0000000000000000        0x0 build/main.o
 .data          0x0000000000000000        0x0 build/main.o
 .bss           0x0000000000000000        0x0 build/main.o
 .text          0x0000000000000000        0x0 build/gpio.o
 .data          0x0000000000000000        0x0 build/gpio.o
 .bss           0x0000000000000000        0x0 build/gpio.o
 .text          0x0000000000000000        0x0 build/rtc.o
 .data          0x0000000000000000        0x0 build/rtc.o
 .bss           0x0000000000000000        0x0 build/rtc.o
 .text.HAL_RTC_MspDeInit
                0x0000000000000000       0x28 build/rtc.o
 .text          0x0000000000000000        0x0 build/tim.o
[...]
Memory Configuration

Name             Origin             Length             Attributes
RAM              0x0000000020000000 0x0000000000010000 xrw
CCMRAM           0x0000000010000000 0x0000000000004000 rw
FLASH            0x0000000008000000 0x0000000000080000 xr
*default*        0x0000000000000000 0xffffffffffffffff

Linker script and memory map

LOAD /usr/lib/gcc/arm-none-eabi/4.9.3/armv7e-m/fpu/crti.o
LOAD /usr/lib/gcc/arm-none-eabi/4.9.3/armv7e-m/fpu/crtbegin.o
LOAD /usr/lib/gcc/arm-none-eabi/4.9.3/../../../arm-none-eabi/lib/armv7e-m/fpu/crt0.o
LOAD build/main.o
LOAD build/gpio.o
LOAD build/rtc.o
LOAD build/tim.o
LOAD build/usart.o
LOAD build/usb.o
LOAD build/stm32f3xx_it.o
LOAD build/stm32f3xx_hal_msp.o
LOAD build/stm32f3xx_hal_rtc.o
LOAD build/stm32f3xx_hal_rtc_ex.o
LOAD build/stm32f3xx_hal_tim.o
LOAD build/stm32f3xx_hal_tim_ex.o
LOAD build/stm32f3xx_hal_uart.o
LOAD build/stm32f3xx_hal_uart_ex.o
LOAD build/stm32f3xx_hal_pcd.o
LOAD build/stm32f3xx_hal_pcd_ex.o
LOAD build/stm32f3xx_hal.o
LOAD build/stm32f3xx_hal_rcc.o
LOAD build/stm32f3xx_hal_rcc_ex.o
LOAD build/stm32f3xx_hal_gpio.o
LOAD build/stm32f3xx_hal_dma.o
LOAD build/stm32f3xx_hal_cortex.o
LOAD build/stm32f3xx_hal_pwr.o
LOAD build/stm32f3xx_hal_pwr_ex.o
LOAD build/stm32f3xx_hal_flash.o
LOAD build/stm32f3xx_hal_flash_ex.o
LOAD build/stm32f3xx_hal_i2c.o
LOAD build/stm32f3xx_hal_i2c_ex.o
LOAD build/system_stm32f3xx.o
LOAD build/startup_stm32f303xe.o
LOAD /usr/lib/gcc/arm-none-eabi/4.9.3/../../../arm-none-eabi/lib/armv7e-m/fpu/libc_nano.a
LOAD /usr/lib/gcc/arm-none-eabi/4.9.3/../../../arm-none-eabi/lib/armv7e-m/fpu/libm.a
LOAD /usr/lib/gcc/arm-none-eabi/4.9.3/../../../arm-none-eabi/lib/armv7e-m/fpu/libnosys.a
START GROUP
LOAD /usr/lib/gcc/arm-none-eabi/4.9.3/armv7e-m/fpu/libgcc.a
LOAD /usr/lib/gcc/arm-none-eabi/4.9.3/../../../arm-none-eabi/lib/armv7e-m/fpu/libc_nano.a
END GROUP
START GROUP
LOAD /usr/lib/gcc/arm-none-eabi/4.9.3/armv7e-m/fpu/libgcc.a
LOAD /usr/lib/gcc/arm-none-eabi/4.9.3/../../../arm-none-eabi/lib/armv7e-m/fpu/libc_nano.a
END GROUP
LOAD /usr/lib/gcc/arm-none-eabi/4.9.3/armv7e-m/fpu/crtend.o
LOAD /usr/lib/gcc/arm-none-eabi/4.9.3/armv7e-m/fpu/crtn.o
                0x0000000020010000                _estack = 0x20010000
                0x0000000000000200                _Min_Heap_Size = 0x200
                0x0000000000000400                _Min_Stack_Size = 0x400

.isr_vector     0x0000000008000000      0x194
                0x0000000008000000                . = ALIGN (0x4)
 *(.isr_vector)
 .isr_vector    0x0000000008000000      0x194 build/startup_stm32f303xe.o
                0x0000000008000000                g_pfnVectors
                0x0000000008000194                . = ALIGN (0x4)

.text           0x0000000008000194     0x2df0
                0x0000000008000194                . = ALIGN (0x4)
 *(.text)
 .text          0x0000000008000194       0xa4 /usr/lib/gcc/arm-none-eabi/4.9.3/armv7e-m/fpu/crtbegin.o
 *(.text*)
 .text._Error_Handler
                0x0000000008000238        0x4 build/main.o
                0x0000000008000238                _Error_Handler
 .text.SystemClock_Config
                0x000000000800023c       0xb4 build/main.o
                0x000000000800023c                SystemClock_Config
 .text.main     0x00000000080002f0       0x38 build/main.o
                0x00000000080002f0                main
 .text.MX_GPIO_Init
                0x0000000008000328      0x11c build/gpio.o
                0x0000000008000328                MX_GPIO_Init
 .text.MX_RTC_Init
                0x0000000008000444       0x38 build/rtc.o
                0x0000000008000444                MX_RTC_Init
 .text.HAL_RTC_MspInit
                0x000000000800047c       0x28 build/rtc.o
                0x000000000800047c                HAL_RTC_MspInit
 .text.HAL_TIM_Base_MspInit
                0x00000000080004a4       0x24 build/tim.o
                0x00000000080004a4                HAL_TIM_Base_MspInit
 .text.HAL_TIM_MspPostInit
                0x00000000080004c8       0x30 build/tim.o
                0x00000000080004c8                HAL_TIM_MspPostInit
 .text.MX_TIM2_Init
                0x00000000080004f8       0xec build/tim.o
                0x00000000080004f8                MX_TIM2_Init
 .text.MX_USART3_UART_Init
                0x00000000080005e4       0x40 build/usart.o
                0x00000000080005e4                MX_USART3_UART_Init
 .text.HAL_UART_MspInit
                0x0000000008000624       0x50 build/usart.o
                0x0000000008000624                HAL_UART_MspInit
 .text.MX_USB_PCD_Init
                0x0000000008000674       0x38 build/usb.o
                0x0000000008000674                MX_USB_PCD_Init
 .text.HAL_PCD_MspInit
                0x00000000080006ac       0x40 build/usb.o
                0x00000000080006ac                HAL_PCD_MspInit
 .text.NMI_Handler
                0x00000000080006ec        0x4 build/stm32f3xx_it.o
                0x00000000080006ec                NMI_Handler
 .text.HardFault_Handler
                0x00000000080006f0        0x4 build/stm32f3xx_it.o
                0x00000000080006f0                HardFault_Handler
 .text.MemManage_Handler
                0x00000000080006f4        0x4 build/stm32f3xx_it.o
                0x00000000080006f4                MemManage_Handler
 .text.BusFault_Handler
                0x00000000080006f8        0x4 build/stm32f3xx_it.o
                0x00000000080006f8                BusFault_Handler
 .text.UsageFault_Handler
                0x00000000080006fc        0x4 build/stm32f3xx_it.o
                0x00000000080006fc                UsageFault_Handler
 .text.SVC_Handler
                0x0000000008000700        0x4 build/stm32f3xx_it.o
                0x0000000008000700                SVC_Handler
 .text.DebugMon_Handler
                0x0000000008000704        0x4 build/stm32f3xx_it.o
                0x0000000008000704                DebugMon_Handler
 .text.PendSV_Handler
                0x0000000008000708        0x4 build/stm32f3xx_it.o
                0x0000000008000708                PendSV_Handler
 .text.SysTick_Handler
                0x000000000800070c        0xc build/stm32f3xx_it.o
                0x000000000800070c                SysTick_Handler
 .text.USB_LP_CAN_RX0_IRQHandler
                0x0000000008000718       0x10 build/stm32f3xx_it.o
                0x0000000008000718                USB_LP_CAN_RX0_IRQHandler
 .text.HAL_MspInit
                0x0000000008000728       0x90 build/stm32f3xx_hal_msp.o
                0x0000000008000728                HAL_MspInit
 .text.HAL_RTC_WaitForSynchro
                0x00000000080007b8       0x34 build/stm32f3xx_hal_rtc.o
                0x00000000080007b8                HAL_RTC_WaitForSynchro
 .text.RTC_EnterInitMode
                0x00000000080007ec       0x40 build/stm32f3xx_hal_rtc.o
                0x00000000080007ec                RTC_EnterInitMode
 .text.HAL_RTC_Init
                0x000000000800082c       0xc4 build/stm32f3xx_hal_rtc.o
                0x000000000800082c                HAL_RTC_Init
 .text.TIM_TI1_ConfigInputStage
                0x00000000080008f0       0x28 build/stm32f3xx_hal_tim.o
 .text.TIM_TI2_ConfigInputStage
                0x0000000008000918       0x28 build/stm32f3xx_hal_tim.o
 .text.TIM_ITRx_SetConfig
                0x0000000008000940       0x10 build/stm32f3xx_hal_tim.o
 .text.HAL_TIM_PWM_MspInit
                0x0000000008000950        0x4 build/stm32f3xx_hal_tim.o
                0x0000000008000950                HAL_TIM_PWM_MspInit
 .text.TIM_Base_SetConfig
                0x0000000008000954       0xd0 build/stm32f3xx_hal_tim.o
                0x0000000008000954                TIM_Base_SetConfig
 .text.HAL_TIM_Base_Init
                0x0000000008000a24       0x38 build/stm32f3xx_hal_tim.o
                0x0000000008000a24                HAL_TIM_Base_Init
 .text.HAL_TIM_PWM_Init
                0x0000000008000a5c       0x38 build/stm32f3xx_hal_tim.o
                0x0000000008000a5c                HAL_TIM_PWM_Init
 .text.TIM_OC1_SetConfig
                0x0000000008000a94       0xac build/stm32f3xx_hal_tim.o
                0x0000000008000a94                TIM_OC1_SetConfig
 .text.TIM_OC2_SetConfig
                0x0000000008000b40       0x9c build/stm32f3xx_hal_tim.o
                0x0000000008000b40                TIM_OC2_SetConfig
 .text.TIM_OC3_SetConfig
                0x0000000008000bdc       0x9c build/stm32f3xx_hal_tim.o
                0x0000000008000bdc                TIM_OC3_SetConfig
 .text.TIM_OC4_SetConfig
                0x0000000008000c78       0x74 build/stm32f3xx_hal_tim.o
                0x0000000008000c78                TIM_OC4_SetConfig
 .text.TIM_ETR_SetConfig
                0x0000000008000cec       0x18 build/stm32f3xx_hal_tim.o
                0x0000000008000cec                TIM_ETR_SetConfig
 .text.HAL_TIM_ConfigClockSource
                0x0000000008000d04      0x124 build/stm32f3xx_hal_tim.o
                0x0000000008000d04                HAL_TIM_ConfigClockSource
 .text.TIM_CCxChannelCmd
                0x0000000008000e28       0x1c build/stm32f3xx_hal_tim.o
                0x0000000008000e28                TIM_CCxChannelCmd
 .text.HAL_TIM_PWM_Start
                0x0000000008000e44       0x74 build/stm32f3xx_hal_tim.o
                0x0000000008000e44                HAL_TIM_PWM_Start
 .text.TIM_OC5_SetConfig
                0x0000000008000eb8       0x70 build/stm32f3xx_hal_tim_ex.o
 .text.TIM_OC6_SetConfig
                0x0000000008000f28       0x74 build/stm32f3xx_hal_tim_ex.o
 .text.HAL_TIM_PWM_ConfigChannel
                0x0000000008000f9c      0x138 build/stm32f3xx_hal_tim_ex.o
                0x0000000008000f9c                HAL_TIM_PWM_ConfigChannel
 .text.HAL_TIMEx_MasterConfigSynchronization
                0x00000000080010d4       0x60 build/stm32f3xx_hal_tim_ex.o
                0x00000000080010d4                HAL_TIMEx_MasterConfigSynchronization
 .text.UART_SetConfig
                0x0000000008001134      0x2a0 build/stm32f3xx_hal_uart.o
                0x0000000008001134                UART_SetConfig
 .text.UART_AdvFeatureConfig
                0x00000000080013d4       0xc8 build/stm32f3xx_hal_uart.o
                0x00000000080013d4                UART_AdvFeatureConfig
 .text.UART_WaitOnFlagUntilTimeout
                0x000000000800149c       0x68 build/stm32f3xx_hal_uart.o
                0x000000000800149c                UART_WaitOnFlagUntilTimeout
 .text.UART_CheckIdleState
                0x0000000008001504       0x6c build/stm32f3xx_hal_uart.o
                0x0000000008001504                UART_CheckIdleState
 .text.HAL_UART_Init
                0x0000000008001570       0x6c build/stm32f3xx_hal_uart.o
                0x0000000008001570                HAL_UART_Init
 .text.HAL_PCD_Init
                0x00000000080015dc       0xac build/stm32f3xx_hal_pcd.o
                0x00000000080015dc                HAL_PCD_Init
 .text.HAL_PCD_DataOutStageCallback
                0x0000000008001688        0x4 build/stm32f3xx_hal_pcd.o
                0x0000000008001688                HAL_PCD_DataOutStageCallback
 .text.HAL_PCD_DataInStageCallback
                0x000000000800168c        0x4 build/stm32f3xx_hal_pcd.o
                0x000000000800168c                HAL_PCD_DataInStageCallback
 .text.HAL_PCD_SetupStageCallback
                0x0000000008001690        0x4 build/stm32f3xx_hal_pcd.o
                0x0000000008001690                HAL_PCD_SetupStageCallback
 .text.HAL_PCD_SOFCallback
                0x0000000008001694        0x4 build/stm32f3xx_hal_pcd.o
                0x0000000008001694                HAL_PCD_SOFCallback
 .text.HAL_PCD_ResetCallback
                0x0000000008001698        0x4 build/stm32f3xx_hal_pcd.o
                0x0000000008001698                HAL_PCD_ResetCallback
 .text.HAL_PCD_SuspendCallback
                0x000000000800169c        0x4 build/stm32f3xx_hal_pcd.o
                0x000000000800169c                HAL_PCD_SuspendCallback
 .text.HAL_PCD_ResumeCallback
                0x00000000080016a0        0x4 build/stm32f3xx_hal_pcd.o
                0x00000000080016a0                HAL_PCD_ResumeCallback
 .text.HAL_PCD_SetAddress
                0x00000000080016a4       0x2c build/stm32f3xx_hal_pcd.o
                0x00000000080016a4                HAL_PCD_SetAddress
 .text.HAL_PCD_EP_Receive
                0x00000000080016d0      0x15c build/stm32f3xx_hal_pcd.o
                0x00000000080016d0                HAL_PCD_EP_Receive
 .text.HAL_PCD_EP_Transmit
                0x000000000800182c      0x148 build/stm32f3xx_hal_pcd.o
                0x000000000800182c                HAL_PCD_EP_Transmit
 .text.PCD_EP_ISR_Handler
                0x0000000008001974      0x47c build/stm32f3xx_hal_pcd.o
 .text.HAL_PCD_IRQHandler
                0x0000000008001df0      0x124 build/stm32f3xx_hal_pcd.o
                0x0000000008001df0                HAL_PCD_IRQHandler
 .text.PCD_WritePMA
                0x0000000008001f14       0x28 build/stm32f3xx_hal_pcd_ex.o
                0x0000000008001f14                PCD_WritePMA
 .text.PCD_ReadPMA
                0x0000000008001f3c       0x30 build/stm32f3xx_hal_pcd_ex.o
                0x0000000008001f3c                PCD_ReadPMA
 .text.HAL_InitTick
                0x0000000008001f6c       0x4c build/stm32f3xx_hal.o
                0x0000000008001f6c                HAL_InitTick
 .text.HAL_Init
                0x0000000008001fb8       0x24 build/stm32f3xx_hal.o
                0x0000000008001fb8                HAL_Init
 .text.HAL_IncTick
                0x0000000008001fdc       0x18 build/stm32f3xx_hal.o
                0x0000000008001fdc                HAL_IncTick
 .text.HAL_GetTick
                0x0000000008001ff4        0xc build/stm32f3xx_hal.o
                0x0000000008001ff4                HAL_GetTick
 .text.HAL_RCC_OscConfig
                0x0000000008002000      0x62c build/stm32f3xx_hal_rcc.o
                0x0000000008002000                HAL_RCC_OscConfig
 .text.HAL_RCC_GetSysClockFreq
                0x000000000800262c       0x70 build/stm32f3xx_hal_rcc.o
                0x000000000800262c                HAL_RCC_GetSysClockFreq
 .text.HAL_RCC_ClockConfig
                0x000000000800269c      0x1a4 build/stm32f3xx_hal_rcc.o
                0x000000000800269c                HAL_RCC_ClockConfig
 .text.HAL_RCC_GetHCLKFreq
                0x0000000008002840        0xc build/stm32f3xx_hal_rcc.o
                0x0000000008002840                HAL_RCC_GetHCLKFreq
 .text.HAL_RCC_GetPCLK1Freq
                0x000000000800284c       0x2c build/stm32f3xx_hal_rcc.o
                0x000000000800284c                HAL_RCC_GetPCLK1Freq
 .text.HAL_RCC_GetPCLK2Freq
                0x0000000008002878       0x2c build/stm32f3xx_hal_rcc.o
                0x0000000008002878                HAL_RCC_GetPCLK2Freq
 .text.HAL_RCCEx_PeriphCLKConfig
                0x00000000080028a4      0x300 build/stm32f3xx_hal_rcc_ex.o
                0x00000000080028a4                HAL_RCCEx_PeriphCLKConfig
 .text.HAL_GPIO_Init
                0x0000000008002ba4      0x1bc build/stm32f3xx_hal_gpio.o
                0x0000000008002ba4                HAL_GPIO_Init
 .text.HAL_GPIO_WritePin
                0x0000000008002d60        0xc build/stm32f3xx_hal_gpio.o
                0x0000000008002d60                HAL_GPIO_WritePin
 .text.HAL_NVIC_SetPriorityGrouping
                0x0000000008002d6c       0x24 build/stm32f3xx_hal_cortex.o
                0x0000000008002d6c                HAL_NVIC_SetPriorityGrouping
 .text.HAL_NVIC_SetPriority
                0x0000000008002d90       0x64 build/stm32f3xx_hal_cortex.o
                0x0000000008002d90                HAL_NVIC_SetPriority
 .text.HAL_NVIC_EnableIRQ
                0x0000000008002df4       0x18 build/stm32f3xx_hal_cortex.o
                0x0000000008002df4                HAL_NVIC_EnableIRQ
 .text.HAL_SYSTICK_Config
                0x0000000008002e0c       0x2c build/stm32f3xx_hal_cortex.o
                0x0000000008002e0c                HAL_SYSTICK_Config
 .text.HAL_SYSTICK_CLKSourceConfig
                0x0000000008002e38       0x20 build/stm32f3xx_hal_cortex.o
                0x0000000008002e38                HAL_SYSTICK_CLKSourceConfig
 .text.HAL_SYSTICK_Callback
                0x0000000008002e58        0x4 build/stm32f3xx_hal_cortex.o
                0x0000000008002e58                HAL_SYSTICK_Callback
 .text.HAL_SYSTICK_IRQHandler
                0x0000000008002e5c        0x8 build/stm32f3xx_hal_cortex.o
                0x0000000008002e5c                HAL_SYSTICK_IRQHandler
 .text.SystemInit
                0x0000000008002e64       0x68 build/system_stm32f3xx.o
                0x0000000008002e64                SystemInit
 .text.Reset_Handler
                0x0000000008002ecc       0x50 build/startup_stm32f303xe.o
                0x0000000008002ecc                Reset_Handler
 .text.Default_Handler
                0x0000000008002f1c        0x2 build/startup_stm32f303xe.o
                0x0000000008002f1c                RTC_Alarm_IRQHandler
                0x0000000008002f1c                TIM8_TRG_COM_IRQHandler
                0x0000000008002f1c                TIM8_CC_IRQHandler
                0x0000000008002f1c                SPI4_IRQHandler
                0x0000000008002f1c                TIM1_CC_IRQHandler
                0x0000000008002f1c                USB_HP_IRQHandler
                0x0000000008002f1c                PVD_IRQHandler
                0x0000000008002f1c                TAMP_STAMP_IRQHandler
                0x0000000008002f1c                EXTI3_IRQHandler
                0x0000000008002f1c                I2C3_ER_IRQHandler
                0x0000000008002f1c                USB_HP_CAN_TX_IRQHandler
                0x0000000008002f1c                EXTI0_IRQHandler
                0x0000000008002f1c                I2C2_EV_IRQHandler
                0x0000000008002f1c                FPU_IRQHandler
                0x0000000008002f1c                TIM1_UP_TIM16_IRQHandler
                0x0000000008002f1c                ADC1_2_IRQHandler
                0x0000000008002f1c                SPI1_IRQHandler
                0x0000000008002f1c                CAN_SCE_IRQHandler
                0x0000000008002f1c                TIM6_DAC_IRQHandler
                0x0000000008002f1c                TIM8_UP_IRQHandler
                0x0000000008002f1c                DMA2_Channel2_IRQHandler
                0x0000000008002f1c                DMA1_Channel4_IRQHandler
                0x0000000008002f1c                TIM20_TRG_COM_IRQHandler
                0x0000000008002f1c                USART3_IRQHandler
                0x0000000008002f1c                DMA1_Channel7_IRQHandler
                0x0000000008002f1c                UART5_IRQHandler
                0x0000000008002f1c                ADC3_IRQHandler
                0x0000000008002f1c                TIM4_IRQHandler
                0x0000000008002f1c                CAN_RX1_IRQHandler
                0x0000000008002f1c                DMA2_Channel1_IRQHandler
                0x0000000008002f1c                I2C1_EV_IRQHandler
                0x0000000008002f1c                DMA1_Channel6_IRQHandler
                0x0000000008002f1c                UART4_IRQHandler
                0x0000000008002f1c                DMA2_Channel4_IRQHandler
                0x0000000008002f1c                TIM3_IRQHandler
                0x0000000008002f1c                RCC_IRQHandler
                0x0000000008002f1c                TIM20_UP_IRQHandler
                0x0000000008002f1c                DMA1_Channel1_IRQHandler
                0x0000000008002f1c                Default_Handler
                0x0000000008002f1c                USBWakeUp_RMP_IRQHandler
                0x0000000008002f1c                EXTI15_10_IRQHandler
                0x0000000008002f1c                TIM7_IRQHandler
                0x0000000008002f1c                I2C3_EV_IRQHandler
                0x0000000008002f1c                EXTI9_5_IRQHandler
                0x0000000008002f1c                RTC_WKUP_IRQHandler
                0x0000000008002f1c                SPI2_IRQHandler
                0x0000000008002f1c                DMA2_Channel5_IRQHandler
                0x0000000008002f1c                DMA1_Channel5_IRQHandler
                0x0000000008002f1c                USB_LP_IRQHandler
                0x0000000008002f1c                EXTI4_IRQHandler
                0x0000000008002f1c                TIM1_TRG_COM_TIM17_IRQHandler
                0x0000000008002f1c                DMA1_Channel3_IRQHandler
                0x0000000008002f1c                ADC4_IRQHandler
                0x0000000008002f1c                WWDG_IRQHandler
                0x0000000008002f1c                TIM2_IRQHandler
                0x0000000008002f1c                COMP7_IRQHandler
                0x0000000008002f1c                COMP1_2_3_IRQHandler
                0x0000000008002f1c                EXTI1_IRQHandler
                0x0000000008002f1c                USART2_IRQHandler
                0x0000000008002f1c                COMP4_5_6_IRQHandler
                0x0000000008002f1c                TIM20_BRK_IRQHandler
                0x0000000008002f1c                I2C2_ER_IRQHandler
                0x0000000008002f1c                DMA1_Channel2_IRQHandler
                0x0000000008002f1c                TIM8_BRK_IRQHandler
                0x0000000008002f1c                FLASH_IRQHandler
                0x0000000008002f1c                TIM20_CC_IRQHandler
                0x0000000008002f1c                USART1_IRQHandler
                0x0000000008002f1c                SPI3_IRQHandler
                0x0000000008002f1c                I2C1_ER_IRQHandler
                0x0000000008002f1c                FMC_IRQHandler
                0x0000000008002f1c                USBWakeUp_IRQHandler
                0x0000000008002f1c                DMA2_Channel3_IRQHandler
                0x0000000008002f1c                EXTI2_TSC_IRQHandler
                0x0000000008002f1c                TIM1_BRK_TIM15_IRQHandler
 *fill*         0x0000000008002f1e        0x2 
 .text.__libc_init_array
                0x0000000008002f20       0x4c /usr/lib/gcc/arm-none-eabi/4.9.3/../../../arm-none-eabi/lib/armv7e-m/fpu/libc_nano.a(lib_a-init.o)
                0x0000000008002f20                __libc_init_array
 *(.glue_7)
 .glue_7        0x0000000008002f6c        0x0 linker stubs
 *(.glue_7t)
 .glue_7t       0x0000000008002f6c        0x0 linker stubs
 *(.eh_frame)
 .eh_frame      0x0000000008002f6c        0x0 /usr/lib/gcc/arm-none-eabi/4.9.3/armv7e-m/fpu/crtbegin.o
 *(.init)
 .init          0x0000000008002f6c        0x4 /usr/lib/gcc/arm-none-eabi/4.9.3/armv7e-m/fpu/crti.o
                0x0000000008002f6c                _init
 .init          0x0000000008002f70        0x8 /usr/lib/gcc/arm-none-eabi/4.9.3/armv7e-m/fpu/crtn.o
 *(.fini)
 .fini          0x0000000008002f78        0x4 /usr/lib/gcc/arm-none-eabi/4.9.3/armv7e-m/fpu/crti.o
                0x0000000008002f78                _fini
 .fini          0x0000000008002f7c        0x8 /usr/lib/gcc/arm-none-eabi/4.9.3/armv7e-m/fpu/crtn.o
                0x0000000008002f84                . = ALIGN (0x4)
                0x0000000008002f84                _etext = .

.vfp11_veneer   0x0000000008002f84        0x0
 .vfp11_veneer  0x0000000008002f84        0x0 linker stubs

.v4_bx          0x0000000008002f84        0x0
 .v4_bx         0x0000000008002f84        0x0 linker stubs

.iplt           0x0000000008002f84        0x0
 .iplt          0x0000000008002f84        0x0 /usr/lib/gcc/arm-none-eabi/4.9.3/armv7e-m/fpu/crtbegin.o

.rodata         0x0000000008002f84       0x74
                0x0000000008002f84                . = ALIGN (0x4)
 *(.rodata)
 *(.rodata*)
 .rodata.str1.4
                0x0000000008002f84        0xb build/main.o
 *fill*         0x0000000008002f8f        0x1 
 .rodata.str1.4
                0x0000000008002f90        0xa build/rtc.o
 *fill*         0x0000000008002f9a        0x2 
 .rodata.str1.4
                0x0000000008002f9c        0xa build/tim.o
 *fill*         0x0000000008002fa6        0x2 
 .rodata.str1.4
                0x0000000008002fa8        0xc build/usart.o
 .rodata.str1.4
                0x0000000008002fb4        0xc build/usb.o
                                          0xa (size before relaxing)
 .rodata.aPredivFactorTable
                0x0000000008002fc0       0x10 build/stm32f3xx_hal_rcc.o
                0x0000000008002fc0                aPredivFactorTable
 .rodata.aPLLMULFactorTable
                0x0000000008002fd0       0x10 build/stm32f3xx_hal_rcc.o
                0x0000000008002fd0                aPLLMULFactorTable
 .rodata.AHBPrescTable
                0x0000000008002fe0       0x10 build/system_stm32f3xx.o
                0x0000000008002fe0                AHBPrescTable
 .rodata.APBPrescTable
                0x0000000008002ff0        0x8 build/system_stm32f3xx.o
                0x0000000008002ff0                APBPrescTable
                0x0000000008002ff8                . = ALIGN (0x4)

.rel.dyn        0x0000000008002ff8        0x0
 .rel.iplt      0x0000000008002ff8        0x0 /usr/lib/gcc/arm-none-eabi/4.9.3/armv7e-m/fpu/crtbegin.o

.ARM.extab
 *(.ARM.extab* .gnu.linkonce.armextab.*)

.ARM            0x0000000008002ff8        0x0
                0x0000000008002ff8                __exidx_start = .
 *(.ARM.exidx*)
                0x0000000008002ff8                __exidx_end = .

.preinit_array  0x0000000008002ff8        0x0
                0x0000000008002ff8                PROVIDE (__preinit_array_start, .)
 *(.preinit_array*)
                0x0000000008002ff8                PROVIDE (__preinit_array_end, .)

.init_array     0x0000000008002ff8        0x4
                0x0000000008002ff8                PROVIDE (__init_array_start, .)
 *(SORT(.init_array.*))
 *(.init_array*)
 .init_array    0x0000000008002ff8        0x4 /usr/lib/gcc/arm-none-eabi/4.9.3/armv7e-m/fpu/crtbegin.o
                0x0000000008002ffc                PROVIDE (__init_array_end, .)

.fini_array     0x0000000008002ffc        0x4
                0x0000000008002ffc                PROVIDE (__fini_array_start, .)
 *(SORT(.fini_array.*))
 *(.fini_array*)
 .fini_array    0x0000000008002ffc        0x4 /usr/lib/gcc/arm-none-eabi/4.9.3/armv7e-m/fpu/crtbegin.o
                0x0000000008003000                PROVIDE (__fini_array_end, .)
                0x0000000008003000                _sidata = LOADADDR (.data)

.data           0x0000000020000000        0xc load address 0x0000000008003000
                0x0000000020000000                . = ALIGN (0x4)
                0x0000000020000000                _sdata = .
 *(.data)
 *(.data*)
 .data.uwTickPrio
                0x0000000020000000        0x4 build/stm32f3xx_hal.o
                0x0000000020000000                uwTickPrio
 .data.uwTickFreq
                0x0000000020000004        0x1 build/stm32f3xx_hal.o
                0x0000000020000004                uwTickFreq
 *fill*         0x0000000020000005        0x3 
 .data.SystemCoreClock
                0x0000000020000008        0x4 build/system_stm32f3xx.o
                0x0000000020000008                SystemCoreClock
                0x000000002000000c                . = ALIGN (0x4)
                0x000000002000000c                _edata = .
                0x000000000800300c                _siccmram = LOADADDR (.ccmram)

.jcr            0x000000002000000c        0x0 load address 0x000000000800300c
 .jcr           0x000000002000000c        0x0 /usr/lib/gcc/arm-none-eabi/4.9.3/armv7e-m/fpu/crtbegin.o

.tm_clone_table
                0x000000002000000c        0x0 load address 0x000000000800300c
 .tm_clone_table
                0x000000002000000c        0x0 /usr/lib/gcc/arm-none-eabi/4.9.3/armv7e-m/fpu/crtbegin.o
 .tm_clone_table
                0x000000002000000c        0x0 /usr/lib/gcc/arm-none-eabi/4.9.3/armv7e-m/fpu/crtend.o

.igot.plt       0x000000002000000c        0x0 load address 0x000000000800300c
 .igot.plt      0x000000002000000c        0x0 /usr/lib/gcc/arm-none-eabi/4.9.3/armv7e-m/fpu/crtbegin.o

.ccmram         0x0000000010000000        0x0 load address 0x000000000800300c
                0x0000000010000000                . = ALIGN (0x4)
                0x0000000010000000                _sccmram = .
 *(.ccmram)
 *(.ccmram*)
                0x0000000010000000                . = ALIGN (0x4)
                0x0000000010000000                _eccmram = .
                0x0000000010000000                . = ALIGN (0x4)

.bss            0x000000002000000c      0x498
                0x000000002000000c                _sbss = .
                0x000000002000000c                __bss_start__ = _sbss
 *(.bss)
 .bss           0x000000002000000c       0x1c /usr/lib/gcc/arm-none-eabi/4.9.3/armv7e-m/fpu/crtbegin.o
 *(.bss*)
 *(COMMON)
 COMMON         0x0000000020000028       0x20 build/rtc.o
                0x0000000020000028                hrtc
 COMMON         0x0000000020000048       0x40 build/tim.o
                0x0000000020000048                htim2
 COMMON         0x0000000020000088       0x70 build/usart.o
                0x0000000020000088                huart3
 COMMON         0x00000000200000f8      0x3a8 build/usb.o
                0x00000000200000f8                hpcd_USB_FS
 COMMON         0x00000000200004a0        0x4 build/stm32f3xx_hal.o
                0x00000000200004a0                uwTick
                0x00000000200004a4                . = ALIGN (0x4)
                0x00000000200004a4                _ebss = .
                0x00000000200004a4                __bss_end__ = _ebss

._user_heap_stack
                0x00000000200004a4      0x604
                0x00000000200004a8                . = ALIGN (0x8)
 *fill*         0x00000000200004a4        0x4 
                [!provide]                        PROVIDE (end, .)
                [!provide]                        PROVIDE (_end, .)
                0x00000000200006a8                . = (. + _Min_Heap_Size)
 *fill*         0x00000000200004a8      0x200 
                0x0000000020000aa8                . = (. + _Min_Stack_Size)
 *fill*         0x00000000200006a8      0x400 
                0x0000000020000aa8                . = ALIGN (0x8)

/DISCARD/
 libc.a(*)
 libm.a(*)
 libgcc.a(*)

.ARM.attributes
                0x0000000000000000       0x30
 *(.ARM.attributes)
 .ARM.attributes
                0x0000000000000000       0x22 /usr/lib/gcc/arm-none-eabi/4.9.3/armv7e-m/fpu/crti.o
 .ARM.attributes
                0x0000000000000022       0x34 /usr/lib/gcc/arm-none-eabi/4.9.3/armv7e-m/fpu/crtbegin.o
 .ARM.attributes
                0x0000000000000056       0x39 build/main.o
 .ARM.attributes
                0x000000000000008f       0x39 build/gpio.o
 .ARM.attributes
                0x00000000000000c8       0x39 build/rtc.o
 .ARM.attributes
                0x0000000000000101       0x39 build/tim.o
 .ARM.attributes
                0x000000000000013a       0x39 build/usart.o
 .ARM.attributes
                0x0000000000000173       0x39 build/usb.o
 .ARM.attributes
                0x00000000000001ac       0x39 build/stm32f3xx_it.o
 .ARM.attributes
                0x00000000000001e5       0x39 build/stm32f3xx_hal_msp.o
 .ARM.attributes
                0x000000000000021e       0x39 build/stm32f3xx_hal_rtc.o
 .ARM.attributes
                0x0000000000000257       0x39 build/stm32f3xx_hal_tim.o
 .ARM.attributes
                0x0000000000000290       0x39 build/stm32f3xx_hal_tim_ex.o
 .ARM.attributes
                0x00000000000002c9       0x39 build/stm32f3xx_hal_uart.o
 .ARM.attributes
                0x0000000000000302       0x39 build/stm32f3xx_hal_pcd.o
 .ARM.attributes
                0x000000000000033b       0x39 build/stm32f3xx_hal_pcd_ex.o
 .ARM.attributes
                0x0000000000000374       0x39 build/stm32f3xx_hal.o
 .ARM.attributes
                0x00000000000003ad       0x39 build/stm32f3xx_hal_rcc.o
 .ARM.attributes
                0x00000000000003e6       0x39 build/stm32f3xx_hal_rcc_ex.o
 .ARM.attributes
                0x000000000000041f       0x39 build/stm32f3xx_hal_gpio.o
 .ARM.attributes
                0x0000000000000458       0x39 build/stm32f3xx_hal_cortex.o
 .ARM.attributes
                0x0000000000000491       0x39 build/system_stm32f3xx.o
 .ARM.attributes
                0x00000000000004ca       0x21 build/startup_stm32f303xe.o
 .ARM.attributes
                0x00000000000004eb       0x34 /usr/lib/gcc/arm-none-eabi/4.9.3/../../../arm-none-eabi/lib/armv7e-m/fpu/libc_nano.a(lib_a-init.o)
 .ARM.attributes
                0x000000000000051f       0x34 /usr/lib/gcc/arm-none-eabi/4.9.3/armv7e-m/fpu/crtend.o
 .ARM.attributes
                0x0000000000000553       0x22 /usr/lib/gcc/arm-none-eabi/4.9.3/armv7e-m/fpu/crtn.o
OUTPUT(build/rover.elf elf32-littlearm)

.comment        0x0000000000000000       0x70
 .comment       0x0000000000000000       0x38 /usr/lib/gcc/arm-none-eabi/4.9.3/armv7e-m/fpu/crtbegin.o
                                         0x39 (size before relaxing)
 .comment       0x0000000000000038       0x39 build/main.o
 .comment       0x0000000000000038       0x39 build/gpio.o
 .comment       0x0000000000000038       0x39 build/rtc.o
 .comment       0x0000000000000038       0x39 build/tim.o
 .comment       0x0000000000000038       0x39 build/usart.o
 .comment       0x0000000000000038       0x39 build/usb.o
 .comment       0x0000000000000038       0x39 build/stm32f3xx_it.o
 .comment       0x0000000000000038       0x39 build/stm32f3xx_hal_msp.o
 .comment       0x0000000000000038       0x39 build/stm32f3xx_hal_rtc.o
 .comment       0x0000000000000038       0x39 build/stm32f3xx_hal_tim.o
 .comment       0x0000000000000038       0x39 build/stm32f3xx_hal_tim_ex.o
 .comment       0x0000000000000038       0x39 build/stm32f3xx_hal_uart.o
 .comment       0x0000000000000038       0x39 build/stm32f3xx_hal_pcd.o
 .comment       0x0000000000000038       0x39 build/stm32f3xx_hal_pcd_ex.o
 .comment       0x0000000000000038       0x39 build/stm32f3xx_hal.o
 .comment       0x0000000000000038       0x39 build/stm32f3xx_hal_rcc.o
 .comment       0x0000000000000038       0x39 build/stm32f3xx_hal_rcc_ex.o
 .comment       0x0000000000000038       0x39 build/stm32f3xx_hal_gpio.o
 .comment       0x0000000000000038       0x39 build/stm32f3xx_hal_cortex.o
 .comment       0x0000000000000038       0x39 build/system_stm32f3xx.o
 .comment       0x0000000000000038       0x38 /usr/lib/gcc/arm-none-eabi/4.9.3/../../../arm-none-eabi/lib/armv7e-m/fpu/libc_nano.a(lib_a-init.o)
                                         0x39 (size before relaxing)
 .comment       0x0000000000000070       0x39 /usr/lib/gcc/arm-none-eabi/4.9.3/armv7e-m/fpu/crtend.o

.debug_info     0x0000000000000000    0x117a8
 .debug_info    0x0000000000000000      0xdb5 build/main.o
 .debug_info    0x0000000000000db5      0x4df build/gpio.o
 .debug_info    0x0000000000001294      0x5af build/rtc.o
 .debug_info    0x0000000000001843      0xcfe build/tim.o
 .debug_info    0x0000000000002541      0xa1c build/usart.o
 .debug_info    0x0000000000002f5d      0x9e7 build/usb.o
 .debug_info    0x0000000000003944      0x661 build/stm32f3xx_it.o
 .debug_info    0x0000000000003fa5      0x512 build/stm32f3xx_hal_msp.o
 .debug_info    0x00000000000044b7      0xf3f build/stm32f3xx_hal_rtc.o
 .debug_info    0x00000000000053f6     0x3285 build/stm32f3xx_hal_tim.o
 .debug_info    0x000000000000867b     0x184d build/stm32f3xx_hal_tim_ex.o
 .debug_info    0x0000000000009ec8     0x1b64 build/stm32f3xx_hal_uart.o
 .debug_info    0x000000000000ba2c     0x12e2 build/stm32f3xx_hal_pcd.o
 .debug_info    0x000000000000cd0e      0x739 build/stm32f3xx_hal_pcd_ex.o
 .debug_info    0x000000000000d447      0x91e build/stm32f3xx_hal.o
 .debug_info    0x000000000000dd65     0x1571 build/stm32f3xx_hal_rcc.o
 .debug_info    0x000000000000f2d6      0x82f build/stm32f3xx_hal_rcc_ex.o
 .debug_info    0x000000000000fb05      0x7af build/stm32f3xx_hal_gpio.o
 .debug_info    0x00000000000102b4      0xf6f build/stm32f3xx_hal_cortex.o
 .debug_info    0x0000000000011223      0x435 build/system_stm32f3xx.o
 .debug_info    0x0000000000011658       0x4b build/startup_stm32f303xe.o
 .debug_info    0x00000000000116a3      0x105 /usr/lib/gcc/arm-none-eabi/4.9.3/../../../arm-none-eabi/lib/armv7e-m/fpu/libc_nano.a(lib_a-init.o)

.debug_abbrev   0x0000000000000000     0x293e
 .debug_abbrev  0x0000000000000000      0x203 build/main.o
 .debug_abbrev  0x0000000000000203      0x157 build/gpio.o
 .debug_abbrev  0x000000000000035a      0x1c0 build/rtc.o
 .debug_abbrev  0x000000000000051a      0x1f2 build/tim.o
 .debug_abbrev  0x000000000000070c      0x1cf build/usart.o
 .debug_abbrev  0x00000000000008db      0x1c4 build/usb.o
 .debug_abbrev  0x0000000000000a9f      0x172 build/stm32f3xx_it.o
 .debug_abbrev  0x0000000000000c11      0x122 build/stm32f3xx_hal_msp.o
 .debug_abbrev  0x0000000000000d33      0x1fa build/stm32f3xx_hal_rtc.o
 .debug_abbrev  0x0000000000000f2d      0x28c build/stm32f3xx_hal_tim.o
 .debug_abbrev  0x00000000000011b9      0x274 build/stm32f3xx_hal_tim_ex.o
 .debug_abbrev  0x000000000000142d      0x278 build/stm32f3xx_hal_uart.o
 .debug_abbrev  0x00000000000016a5      0x2db build/stm32f3xx_hal_pcd.o
 .debug_abbrev  0x0000000000001980      0x1b2 build/stm32f3xx_hal_pcd_ex.o
 .debug_abbrev  0x0000000000001b32      0x200 build/stm32f3xx_hal.o
 .debug_abbrev  0x0000000000001d32      0x32b build/stm32f3xx_hal_rcc.o
 .debug_abbrev  0x000000000000205d      0x24a build/stm32f3xx_hal_rcc_ex.o
 .debug_abbrev  0x00000000000022a7      0x200 build/stm32f3xx_hal_gpio.o
 .debug_abbrev  0x00000000000024a7      0x2c8 build/stm32f3xx_hal_cortex.o
 .debug_abbrev  0x000000000000276f      0x103 build/system_stm32f3xx.o
 .debug_abbrev  0x0000000000002872       0x12 build/startup_stm32f303xe.o
 .debug_abbrev  0x0000000000002884       0xba /usr/lib/gcc/arm-none-eabi/4.9.3/../../../arm-none-eabi/lib/armv7e-m/fpu/libc_nano.a(lib_a-init.o)

.debug_loc      0x0000000000000000     0xc1f3
 .debug_loc     0x0000000000000000       0x59 build/main.o
 .debug_loc     0x0000000000000059       0x39 build/gpio.o
 .debug_loc     0x0000000000000092       0x72 build/rtc.o
 .debug_loc     0x0000000000000104       0xd5 build/tim.o
 .debug_loc     0x00000000000001d9       0xd1 build/usart.o
 .debug_loc     0x00000000000002aa       0xd1 build/usb.o
 .debug_loc     0x000000000000037b       0x40 build/stm32f3xx_it.o
 .debug_loc     0x00000000000003bb       0x38 build/stm32f3xx_hal_msp.o
 .debug_loc     0x00000000000003f3      0xd6d build/stm32f3xx_hal_rtc.o
 .debug_loc     0x0000000000001160     0x3efa build/stm32f3xx_hal_tim.o
 .debug_loc     0x000000000000505a     0x1c2f build/stm32f3xx_hal_tim_ex.o
 .debug_loc     0x0000000000006c89     0x1a22 build/stm32f3xx_hal_uart.o
 .debug_loc     0x00000000000086ab      0xf33 build/stm32f3xx_hal_pcd.o
 .debug_loc     0x00000000000095de      0x372 build/stm32f3xx_hal_pcd_ex.o
 .debug_loc     0x0000000000009950      0x1a8 build/stm32f3xx_hal.o
 .debug_loc     0x0000000000009af8     0x10ae build/stm32f3xx_hal_rcc.o
 .debug_loc     0x000000000000aba6      0xc1f build/stm32f3xx_hal_rcc_ex.o
 .debug_loc     0x000000000000b7c5      0x371 build/stm32f3xx_hal_gpio.o
 .debug_loc     0x000000000000bb36      0x566 build/stm32f3xx_hal_cortex.o
 .debug_loc     0x000000000000c09c      0x103 build/system_stm32f3xx.o
 .debug_loc     0x000000000000c19f       0x54 /usr/lib/gcc/arm-none-eabi/4.9.3/../../../arm-none-eabi/lib/armv7e-m/fpu/libc_nano.a(lib_a-init.o)

.debug_aranges  0x0000000000000000      0xda0
 .debug_aranges
                0x0000000000000000       0x30 build/main.o
 .debug_aranges
                0x0000000000000030       0x20 build/gpio.o
 .debug_aranges
                0x0000000000000050       0x30 build/rtc.o
 .debug_aranges
                0x0000000000000080       0x38 build/tim.o
 .debug_aranges
                0x00000000000000b8       0x30 build/usart.o
 .debug_aranges
                0x00000000000000e8       0x30 build/usb.o
 .debug_aranges
                0x0000000000000118       0x68 build/stm32f3xx_it.o
 .debug_aranges
                0x0000000000000180       0x20 build/stm32f3xx_hal_msp.o
 .debug_aranges
                0x00000000000001a0       0xb8 build/stm32f3xx_hal_rtc.o
 .debug_aranges
                0x0000000000000258      0x378 build/stm32f3xx_hal_tim.o
 .debug_aranges
                0x00000000000005d0      0x178 build/stm32f3xx_hal_tim_ex.o
 .debug_aranges
                0x0000000000000748      0x1f0 build/stm32f3xx_hal_uart.o
 .debug_aranges
                0x0000000000000938      0x120 build/stm32f3xx_hal_pcd.o
 .debug_aranges
                0x0000000000000a58       0x38 build/stm32f3xx_hal_pcd_ex.o
 .debug_aranges
                0x0000000000000a90       0xe0 build/stm32f3xx_hal.o
 .debug_aranges
                0x0000000000000b70       0x88 build/stm32f3xx_hal_rcc.o
 .debug_aranges
                0x0000000000000bf8       0x38 build/stm32f3xx_hal_rcc_ex.o
 .debug_aranges
                0x0000000000000c30       0x58 build/stm32f3xx_hal_gpio.o
 .debug_aranges
                0x0000000000000c88       0xa8 build/stm32f3xx_hal_cortex.o
 .debug_aranges
                0x0000000000000d30       0x28 build/system_stm32f3xx.o
 .debug_aranges
                0x0000000000000d58       0x28 build/startup_stm32f303xe.o
 .debug_aranges
                0x0000000000000d80       0x20 /usr/lib/gcc/arm-none-eabi/4.9.3/../../../arm-none-eabi/lib/armv7e-m/fpu/libc_nano.a(lib_a-init.o)

.debug_ranges   0x0000000000000000      0xc78
 .debug_ranges  0x0000000000000000       0x20 build/main.o
 .debug_ranges  0x0000000000000020       0x10 build/gpio.o
 .debug_ranges  0x0000000000000030       0x20 build/rtc.o
 .debug_ranges  0x0000000000000050       0x28 build/tim.o
 .debug_ranges  0x0000000000000078       0x20 build/usart.o
 .debug_ranges  0x0000000000000098       0x20 build/usb.o
 .debug_ranges  0x00000000000000b8       0x58 build/stm32f3xx_it.o
 .debug_ranges  0x0000000000000110       0x10 build/stm32f3xx_hal_msp.o
 .debug_ranges  0x0000000000000120       0xa8 build/stm32f3xx_hal_rtc.o
 .debug_ranges  0x00000000000001c8      0x368 build/stm32f3xx_hal_tim.o
 .debug_ranges  0x0000000000000530      0x168 build/stm32f3xx_hal_tim_ex.o
 .debug_ranges  0x0000000000000698      0x1e0 build/stm32f3xx_hal_uart.o
 .debug_ranges  0x0000000000000878      0x110 build/stm32f3xx_hal_pcd.o
 .debug_ranges  0x0000000000000988       0x28 build/stm32f3xx_hal_pcd_ex.o
 .debug_ranges  0x00000000000009b0       0xd0 build/stm32f3xx_hal.o
 .debug_ranges  0x0000000000000a80       0x90 build/stm32f3xx_hal_rcc.o
 .debug_ranges  0x0000000000000b10       0x40 build/stm32f3xx_hal_rcc_ex.o
 .debug_ranges  0x0000000000000b50       0x48 build/stm32f3xx_hal_gpio.o
 .debug_ranges  0x0000000000000b98       0x98 build/stm32f3xx_hal_cortex.o
 .debug_ranges  0x0000000000000c30       0x18 build/system_stm32f3xx.o
 .debug_ranges  0x0000000000000c48       0x20 build/startup_stm32f303xe.o
 .debug_ranges  0x0000000000000c68       0x10 /usr/lib/gcc/arm-none-eabi/4.9.3/../../../arm-none-eabi/lib/armv7e-m/fpu/libc_nano.a(lib_a-init.o)

.debug_line     0x0000000000000000     0x5b27
 .debug_line    0x0000000000000000      0x236 build/main.o
 .debug_line    0x0000000000000236      0x148 build/gpio.o
 .debug_line    0x000000000000037e      0x1aa build/rtc.o
 .debug_line    0x0000000000000528      0x1f4 build/tim.o
 .debug_line    0x000000000000071c      0x1b8 build/usart.o
 .debug_line    0x00000000000008d4      0x1a5 build/usb.o
 .debug_line    0x0000000000000a79      0x21a build/stm32f3xx_it.o
 .debug_line    0x0000000000000c93      0x141 build/stm32f3xx_hal_msp.o
 .debug_line    0x0000000000000dd4      0x534 build/stm32f3xx_hal_rtc.o
 .debug_line    0x0000000000001308     0x1345 build/stm32f3xx_hal_tim.o
 .debug_line    0x000000000000264d      0x8ca build/stm32f3xx_hal_tim_ex.o
 .debug_line    0x0000000000002f17      0xbf6 build/stm32f3xx_hal_uart.o
 .debug_line    0x0000000000003b0d      0x6dc build/stm32f3xx_hal_pcd.o
 .debug_line    0x00000000000041e9      0x1f8 build/stm32f3xx_hal_pcd_ex.o
 .debug_line    0x00000000000043e1      0x351 build/stm32f3xx_hal.o
 .debug_line    0x0000000000004732      0x6b9 build/stm32f3xx_hal_rcc.o
 .debug_line    0x0000000000004deb      0x4d5 build/stm32f3xx_hal_rcc_ex.o
 .debug_line    0x00000000000052c0      0x2c3 build/stm32f3xx_hal_gpio.o
 .debug_line    0x0000000000005583      0x350 build/stm32f3xx_hal_cortex.o
 .debug_line    0x00000000000058d3      0x127 build/system_stm32f3xx.o
 .debug_line    0x00000000000059fa       0x74 build/startup_stm32f303xe.o
 .debug_line    0x0000000000005a6e       0xb9 /usr/lib/gcc/arm-none-eabi/4.9.3/../../../arm-none-eabi/lib/armv7e-m/fpu/libc_nano.a(lib_a-init.o)

.debug_str      0x0000000000000000     0x44e3
 .debug_str     0x0000000000000000      0xda2 build/main.o
                                        0xe29 (size before relaxing)
 .debug_str     0x0000000000000da2      0x11b build/gpio.o
                                        0x2a7 (size before relaxing)
 .debug_str     0x0000000000000ebd      0x217 build/rtc.o
                                        0x41b (size before relaxing)
 .debug_str     0x00000000000010d4      0x201 build/tim.o
                                        0x87f (size before relaxing)
 .debug_str     0x00000000000012d5      0x2dc build/usart.o
                                        0x773 (size before relaxing)
 .debug_str     0x00000000000015b1      0x2c9 build/usb.o
                                        0xa43 (size before relaxing)
 .debug_str     0x000000000000187a       0xf3 build/stm32f3xx_it.o
                                        0x550 (size before relaxing)
 .debug_str     0x000000000000196d       0x41 build/stm32f3xx_hal_msp.o
                                        0x6c1 (size before relaxing)
 .debug_str     0x00000000000019ae      0x2f6 build/stm32f3xx_hal_rtc.o
                                        0x722 (size before relaxing)
 .debug_str     0x0000000000001ca4      0xc7f build/stm32f3xx_hal_tim.o
                                       0x1392 (size before relaxing)
 .debug_str     0x0000000000002923      0x51b build/stm32f3xx_hal_tim_ex.o
                                        0xdcd (size before relaxing)
 .debug_str     0x0000000000002e3e      0x6e7 build/stm32f3xx_hal_uart.o
                                        0xe1c (size before relaxing)
 .debug_str     0x0000000000003525      0x38f build/stm32f3xx_hal_pcd.o
                                        0x860 (size before relaxing)
 .debug_str     0x00000000000038b4       0x83 build/stm32f3xx_hal_pcd_ex.o
                                        0x560 (size before relaxing)
 .debug_str     0x0000000000003937      0x2c4 build/stm32f3xx_hal.o
                                        0x9f3 (size before relaxing)
 .debug_str     0x0000000000003bfb      0x181 build/stm32f3xx_hal_rcc.o
                                        0x62b (size before relaxing)
 .debug_str     0x0000000000003d7c       0xc5 build/stm32f3xx_hal_rcc_ex.o
                                        0x5a3 (size before relaxing)
 .debug_str     0x0000000000003e41      0x115 build/stm32f3xx_hal_gpio.o
                                        0x48e (size before relaxing)
 .debug_str     0x0000000000003f56      0x357 build/stm32f3xx_hal_cortex.o
                                        0xb88 (size before relaxing)
 .debug_str     0x00000000000042ad       0x4d build/system_stm32f3xx.o
                                        0x2b0 (size before relaxing)
 .debug_str     0x00000000000042fa      0x1e9 /usr/lib/gcc/arm-none-eabi/4.9.3/../../../arm-none-eabi/lib/armv7e-m/fpu/libc_nano.a(lib_a-init.o)
                                        0x281 (size before relaxing)

.debug_frame    0x0000000000000000     0x264c
 .debug_frame   0x0000000000000000       0x5c build/main.o
 .debug_frame   0x000000000000005c       0x3c build/gpio.o
 .debug_frame   0x0000000000000098       0x4c build/rtc.o
 .debug_frame   0x00000000000000e4       0x7c build/tim.o
 .debug_frame   0x0000000000000160       0x6c build/usart.o
 .debug_frame   0x00000000000001cc       0x6c build/usb.o
 .debug_frame   0x0000000000000238       0xc8 build/stm32f3xx_it.o
 .debug_frame   0x0000000000000300       0x30 build/stm32f3xx_hal_msp.o
 .debug_frame   0x0000000000000330      0x24c build/stm32f3xx_hal_rtc.o
 .debug_frame   0x000000000000057c      0xb44 build/stm32f3xx_hal_tim.o
 .debug_frame   0x00000000000010c0      0x52c build/stm32f3xx_hal_tim_ex.o
 .debug_frame   0x00000000000015ec      0x624 build/stm32f3xx_hal_uart.o
 .debug_frame   0x0000000000001c10      0x324 build/stm32f3xx_hal_pcd.o
 .debug_frame   0x0000000000001f34       0x80 build/stm32f3xx_hal_pcd_ex.o
 .debug_frame   0x0000000000001fb4      0x1e0 build/stm32f3xx_hal.o
 .debug_frame   0x0000000000002194      0x19c build/stm32f3xx_hal_rcc.o
 .debug_frame   0x0000000000002330       0x84 build/stm32f3xx_hal_rcc_ex.o
 .debug_frame   0x00000000000023b4       0xd4 build/stm32f3xx_hal_gpio.o
 .debug_frame   0x0000000000002488      0x168 build/stm32f3xx_hal_cortex.o
 .debug_frame   0x00000000000025f0       0x30 build/system_stm32f3xx.o
 .debug_frame   0x0000000000002620       0x2c /usr/lib/gcc/arm-none-eabi/4.9.3/../../../arm-none-eabi/lib/armv7e-m/fpu/libc_nano.a(lib_a-init.o)

Cross Reference Table

Symbol                                            File
ADC1_2_IRQHandler                                 build/startup_stm32f303xe.o
ADC3_IRQHandler                                   build/startup_stm32f303xe.o
ADC4_IRQHandler                                   build/startup_stm32f303xe.o
AHBPrescTable                                     build/system_stm32f3xx.o
                                                  build/stm32f3xx_hal_rcc.o
APBPrescTable                                     build/system_stm32f3xx.o
                                                  build/stm32f3xx_hal_rcc.o
BusFault_Handler                                  build/stm32f3xx_it.o
CAN_RX1_IRQHandler                                build/startup_stm32f303xe.o
CAN_SCE_IRQHandler                                build/startup_stm32f303xe.o
COMP1_2_3_IRQHandler                              build/startup_stm32f303xe.o
COMP4_5_6_IRQHandler                              build/startup_stm32f303xe.o
COMP7_IRQHandler                                  build/startup_stm32f303xe.o
DMA1_Channel1_IRQHandler                          build/startup_stm32f303xe.o
DMA1_Channel2_IRQHandler                          build/startup_stm32f303xe.o
DMA1_Channel3_IRQHandler                          build/startup_stm32f303xe.o
DMA1_Channel4_IRQHandler                          build/startup_stm32f303xe.o
DMA1_Channel5_IRQHandler                          build/startup_stm32f303xe.o
DMA1_Channel6_IRQHandler                          build/startup_stm32f303xe.o
DMA1_Channel7_IRQHandler                          build/startup_stm32f303xe.o
DMA2_Channel1_IRQHandler                          build/startup_stm32f303xe.o
DMA2_Channel2_IRQHandler                          build/startup_stm32f303xe.o
DMA2_Channel3_IRQHandler                          build/startup_stm32f303xe.o
DMA2_Channel4_IRQHandler                          build/startup_stm32f303xe.o
DMA2_Channel5_IRQHandler                          build/startup_stm32f303xe.o
DebugMon_Handler                                  build/stm32f3xx_it.o
Default_Handler                                   build/startup_stm32f303xe.o
EXTI0_IRQHandler                                  build/startup_stm32f303xe.o
EXTI15_10_IRQHandler                              build/startup_stm32f303xe.o
EXTI1_IRQHandler                                  build/startup_stm32f303xe.o
EXTI2_TSC_IRQHandler                              build/startup_stm32f303xe.o
EXTI3_IRQHandler                                  build/startup_stm32f303xe.o
EXTI4_IRQHandler                                  build/startup_stm32f303xe.o
EXTI9_5_IRQHandler                                build/startup_stm32f303xe.o
FLASH_IRQHandler                                  build/startup_stm32f303xe.o
FLASH_PageErase                                   build/stm32f3xx_hal_flash_ex.o
                                                  build/stm32f3xx_hal_flash.o
FLASH_WaitForLastOperation                        build/stm32f3xx_hal_flash.o
                                                  build/stm32f3xx_hal_flash_ex.o
FMC_IRQHandler                                    build/startup_stm32f303xe.o
FPU_IRQHandler                                    build/startup_stm32f303xe.o
HAL_DBGMCU_DisableDBGSleepMode                    build/stm32f3xx_hal.o
HAL_DBGMCU_DisableDBGStandbyMode                  build/stm32f3xx_hal.o
HAL_DBGMCU_DisableDBGStopMode                     build/stm32f3xx_hal.o
HAL_DBGMCU_EnableDBGSleepMode                     build/stm32f3xx_hal.o
HAL_DBGMCU_EnableDBGStandbyMode                   build/stm32f3xx_hal.o
HAL_DBGMCU_EnableDBGStopMode                      build/stm32f3xx_hal.o
HAL_DMA_Abort                                     build/stm32f3xx_hal_dma.o
                                                  build/stm32f3xx_hal_uart.o
                                                  build/stm32f3xx_hal_tim.o
HAL_DMA_Abort_IT                                  build/stm32f3xx_hal_dma.o
                                                  build/stm32f3xx_hal_i2c.o
                                                  build/stm32f3xx_hal_uart.o
HAL_DMA_DeInit                                    build/stm32f3xx_hal_dma.o
HAL_DMA_GetError                                  build/stm32f3xx_hal_dma.o
HAL_DMA_GetState                                  build/stm32f3xx_hal_dma.o
HAL_DMA_IRQHandler                                build/stm32f3xx_hal_dma.o
HAL_DMA_Init                                      build/stm32f3xx_hal_dma.o
HAL_DMA_PollForTransfer                           build/stm32f3xx_hal_dma.o
HAL_DMA_RegisterCallback                          build/stm32f3xx_hal_dma.o
HAL_DMA_Start                                     build/stm32f3xx_hal_dma.o
HAL_DMA_Start_IT                                  build/stm32f3xx_hal_dma.o
                                                  build/stm32f3xx_hal_i2c.o
                                                  build/stm32f3xx_hal_uart.o
                                                  build/stm32f3xx_hal_tim_ex.o
                                                  build/stm32f3xx_hal_tim.o
HAL_DMA_UnRegisterCallback                        build/stm32f3xx_hal_dma.o
HAL_DeInit                                        build/stm32f3xx_hal.o
HAL_Delay                                         build/stm32f3xx_hal.o
HAL_FLASHEx_Erase                                 build/stm32f3xx_hal_flash_ex.o
HAL_FLASHEx_Erase_IT                              build/stm32f3xx_hal_flash_ex.o
HAL_FLASHEx_OBErase                               build/stm32f3xx_hal_flash_ex.o
HAL_FLASHEx_OBGetConfig                           build/stm32f3xx_hal_flash_ex.o
HAL_FLASHEx_OBGetUserData                         build/stm32f3xx_hal_flash_ex.o
HAL_FLASHEx_OBProgram                             build/stm32f3xx_hal_flash_ex.o
HAL_FLASH_EndOfOperationCallback                  build/stm32f3xx_hal_flash.o
HAL_FLASH_GetError                                build/stm32f3xx_hal_flash.o
HAL_FLASH_IRQHandler                              build/stm32f3xx_hal_flash.o
HAL_FLASH_Lock                                    build/stm32f3xx_hal_flash.o
HAL_FLASH_OB_Launch                               build/stm32f3xx_hal_flash.o
HAL_FLASH_OB_Lock                                 build/stm32f3xx_hal_flash.o
HAL_FLASH_OB_Unlock                               build/stm32f3xx_hal_flash.o
HAL_FLASH_OperationErrorCallback                  build/stm32f3xx_hal_flash.o
HAL_FLASH_Program                                 build/stm32f3xx_hal_flash.o
HAL_FLASH_Program_IT                              build/stm32f3xx_hal_flash.o
HAL_FLASH_Unlock                                  build/stm32f3xx_hal_flash.o
HAL_GPIO_DeInit                                   build/stm32f3xx_hal_gpio.o
                                                  build/usart.o
HAL_GPIO_EXTI_Callback                            build/stm32f3xx_hal_gpio.o
HAL_GPIO_EXTI_IRQHandler                          build/stm32f3xx_hal_gpio.o
HAL_GPIO_Init                                     build/stm32f3xx_hal_gpio.o
                                                  build/stm32f3xx_hal_rcc.o
                                                  build/usart.o
                                                  build/tim.o
                                                  build/gpio.o
HAL_GPIO_LockPin                                  build/stm32f3xx_hal_gpio.o
HAL_GPIO_ReadPin                                  build/stm32f3xx_hal_gpio.o
HAL_GPIO_TogglePin                                build/stm32f3xx_hal_gpio.o
HAL_GPIO_WritePin                                 build/stm32f3xx_hal_gpio.o
                                                  build/gpio.o
HAL_GetDEVID                                      build/stm32f3xx_hal.o
HAL_GetHalVersion                                 build/stm32f3xx_hal.o
HAL_GetREVID                                      build/stm32f3xx_hal.o
HAL_GetTick                                       build/stm32f3xx_hal.o
                                                  build/stm32f3xx_hal_i2c.o
                                                  build/stm32f3xx_hal_flash.o
                                                  build/stm32f3xx_hal_dma.o
                                                  build/stm32f3xx_hal_rcc_ex.o
                                                  build/stm32f3xx_hal_rcc.o
                                                  build/stm32f3xx_hal_uart_ex.o
                                                  build/stm32f3xx_hal_uart.o
                                                  build/stm32f3xx_hal_rtc_ex.o
                                                  build/stm32f3xx_hal_rtc.o
HAL_GetTickFreq                                   build/stm32f3xx_hal.o
HAL_GetTickPrio                                   build/stm32f3xx_hal.o
HAL_GetUIDw0                                      build/stm32f3xx_hal.o
HAL_GetUIDw1                                      build/stm32f3xx_hal.o
HAL_GetUIDw2                                      build/stm32f3xx_hal.o
HAL_HalfDuplex_EnableReceiver                     build/stm32f3xx_hal_uart.o
HAL_HalfDuplex_EnableTransmitter                  build/stm32f3xx_hal_uart.o
HAL_HalfDuplex_Init                               build/stm32f3xx_hal_uart.o
HAL_I2CEx_ConfigAnalogFilter                      build/stm32f3xx_hal_i2c_ex.o
HAL_I2CEx_ConfigDigitalFilter                     build/stm32f3xx_hal_i2c_ex.o
HAL_I2CEx_DisableFastModePlus                     build/stm32f3xx_hal_i2c_ex.o
HAL_I2CEx_DisableWakeUp                           build/stm32f3xx_hal_i2c_ex.o
HAL_I2CEx_EnableFastModePlus                      build/stm32f3xx_hal_i2c_ex.o
HAL_I2CEx_EnableWakeUp                            build/stm32f3xx_hal_i2c_ex.o
HAL_I2C_AbortCpltCallback                         build/stm32f3xx_hal_i2c.o
HAL_I2C_AddrCallback                              build/stm32f3xx_hal_i2c.o
HAL_I2C_DeInit                                    build/stm32f3xx_hal_i2c.o
HAL_I2C_DisableListen_IT                          build/stm32f3xx_hal_i2c.o
HAL_I2C_ER_IRQHandler                             build/stm32f3xx_hal_i2c.o
HAL_I2C_EV_IRQHandler                             build/stm32f3xx_hal_i2c.o
HAL_I2C_EnableListen_IT                           build/stm32f3xx_hal_i2c.o
HAL_I2C_ErrorCallback                             build/stm32f3xx_hal_i2c.o
HAL_I2C_GetError                                  build/stm32f3xx_hal_i2c.o
HAL_I2C_GetMode                                   build/stm32f3xx_hal_i2c.o
HAL_I2C_GetState                                  build/stm32f3xx_hal_i2c.o
HAL_I2C_Init                                      build/stm32f3xx_hal_i2c.o
HAL_I2C_IsDeviceReady                             build/stm32f3xx_hal_i2c.o
HAL_I2C_ListenCpltCallback                        build/stm32f3xx_hal_i2c.o
HAL_I2C_MasterRxCpltCallback                      build/stm32f3xx_hal_i2c.o
HAL_I2C_MasterTxCpltCallback                      build/stm32f3xx_hal_i2c.o
HAL_I2C_Master_Abort_IT                           build/stm32f3xx_hal_i2c.o
HAL_I2C_Master_Receive                            build/stm32f3xx_hal_i2c.o
HAL_I2C_Master_Receive_DMA                        build/stm32f3xx_hal_i2c.o
HAL_I2C_Master_Receive_IT                         build/stm32f3xx_hal_i2c.o
HAL_I2C_Master_Sequential_Receive_IT              build/stm32f3xx_hal_i2c.o
HAL_I2C_Master_Sequential_Transmit_IT             build/stm32f3xx_hal_i2c.o
HAL_I2C_Master_Transmit                           build/stm32f3xx_hal_i2c.o
HAL_I2C_Master_Transmit_DMA                       build/stm32f3xx_hal_i2c.o
HAL_I2C_Master_Transmit_IT                        build/stm32f3xx_hal_i2c.o
HAL_I2C_MemRxCpltCallback                         build/stm32f3xx_hal_i2c.o
HAL_I2C_MemTxCpltCallback                         build/stm32f3xx_hal_i2c.o
HAL_I2C_Mem_Read                                  build/stm32f3xx_hal_i2c.o
HAL_I2C_Mem_Read_DMA                              build/stm32f3xx_hal_i2c.o
HAL_I2C_Mem_Read_IT                               build/stm32f3xx_hal_i2c.o
HAL_I2C_Mem_Write                                 build/stm32f3xx_hal_i2c.o
HAL_I2C_Mem_Write_DMA                             build/stm32f3xx_hal_i2c.o
HAL_I2C_Mem_Write_IT                              build/stm32f3xx_hal_i2c.o
HAL_I2C_MspDeInit                                 build/stm32f3xx_hal_i2c.o
HAL_I2C_MspInit                                   build/stm32f3xx_hal_i2c.o
HAL_I2C_SlaveRxCpltCallback                       build/stm32f3xx_hal_i2c.o
HAL_I2C_SlaveTxCpltCallback                       build/stm32f3xx_hal_i2c.o
HAL_I2C_Slave_Receive                             build/stm32f3xx_hal_i2c.o
HAL_I2C_Slave_Receive_DMA                         build/stm32f3xx_hal_i2c.o
HAL_I2C_Slave_Receive_IT                          build/stm32f3xx_hal_i2c.o
HAL_I2C_Slave_Sequential_Receive_IT               build/stm32f3xx_hal_i2c.o
HAL_I2C_Slave_Sequential_Transmit_IT              build/stm32f3xx_hal_i2c.o
HAL_I2C_Slave_Transmit                            build/stm32f3xx_hal_i2c.o
HAL_I2C_Slave_Transmit_DMA                        build/stm32f3xx_hal_i2c.o
HAL_I2C_Slave_Transmit_IT                         build/stm32f3xx_hal_i2c.o
HAL_IncTick                                       build/stm32f3xx_hal.o
                                                  build/stm32f3xx_it.o
HAL_Init                                          build/stm32f3xx_hal.o
                                                  build/main.o
HAL_InitTick                                      build/stm32f3xx_hal.o
                                                  build/stm32f3xx_hal_rcc.o
HAL_LIN_Init                                      build/stm32f3xx_hal_uart.o
HAL_LIN_SendBreak                                 build/stm32f3xx_hal_uart.o
HAL_MPU_ConfigRegion                              build/stm32f3xx_hal_cortex.o
HAL_MPU_Disable                                   build/stm32f3xx_hal_cortex.o
HAL_MPU_Enable                                    build/stm32f3xx_hal_cortex.o
HAL_MspDeInit                                     build/stm32f3xx_hal.o
HAL_MspInit                                       build/stm32f3xx_hal_msp.o
HAL_MultiProcessorEx_AddressLength_Set            build/stm32f3xx_hal_uart_ex.o
HAL_MultiProcessor_DisableMuteMode                build/stm32f3xx_hal_uart.o
HAL_MultiProcessor_EnableMuteMode                 build/stm32f3xx_hal_uart.o
HAL_MultiProcessor_EnterMuteMode                  build/stm32f3xx_hal_uart.o
HAL_MultiProcessor_Init                           build/stm32f3xx_hal_uart.o
HAL_NVIC_ClearPendingIRQ                          build/stm32f3xx_hal_cortex.o
HAL_NVIC_DisableIRQ                               build/stm32f3xx_hal_cortex.o
                                                  build/usb.o
HAL_NVIC_EnableIRQ                                build/stm32f3xx_hal_cortex.o
                                                  build/usb.o
HAL_NVIC_GetActive                                build/stm32f3xx_hal_cortex.o
HAL_NVIC_GetPendingIRQ                            build/stm32f3xx_hal_cortex.o
HAL_NVIC_GetPriority                              build/stm32f3xx_hal_cortex.o
HAL_NVIC_GetPriorityGrouping                      build/stm32f3xx_hal_cortex.o
HAL_NVIC_SetPendingIRQ                            build/stm32f3xx_hal_cortex.o
HAL_NVIC_SetPriority                              build/stm32f3xx_hal_cortex.o
                                                  build/stm32f3xx_hal.o
                                                  build/stm32f3xx_hal_msp.o
                                                  build/usb.o
                                                  build/main.o
HAL_NVIC_SetPriorityGrouping                      build/stm32f3xx_hal_cortex.o
                                                  build/stm32f3xx_hal.o
                                                  build/stm32f3xx_hal_msp.o
HAL_NVIC_SystemReset                              build/stm32f3xx_hal_cortex.o
HAL_PCDEx_PMAConfig                               build/stm32f3xx_hal_pcd_ex.o
HAL_PCDEx_SetConnectionState                      build/stm32f3xx_hal_pcd_ex.o
                                                  build/stm32f3xx_hal_pcd.o
HAL_PCD_ActivateRemoteWakeup                      build/stm32f3xx_hal_pcd.o
HAL_PCD_ConnectCallback                           build/stm32f3xx_hal_pcd.o
HAL_PCD_DataInStageCallback                       build/stm32f3xx_hal_pcd.o
HAL_PCD_DataOutStageCallback                      build/stm32f3xx_hal_pcd.o
HAL_PCD_DeActivateRemoteWakeup                    build/stm32f3xx_hal_pcd.o
HAL_PCD_DeInit                                    build/stm32f3xx_hal_pcd.o
HAL_PCD_DevConnect                                build/stm32f3xx_hal_pcd.o
HAL_PCD_DevDisconnect                             build/stm32f3xx_hal_pcd.o
HAL_PCD_DisconnectCallback                        build/stm32f3xx_hal_pcd.o
HAL_PCD_EP_Close                                  build/stm32f3xx_hal_pcd.o
HAL_PCD_EP_ClrStall                               build/stm32f3xx_hal_pcd.o
HAL_PCD_EP_Flush                                  build/stm32f3xx_hal_pcd.o
HAL_PCD_EP_GetRxCount                             build/stm32f3xx_hal_pcd.o
HAL_PCD_EP_Open                                   build/stm32f3xx_hal_pcd.o
HAL_PCD_EP_Receive                                build/stm32f3xx_hal_pcd.o
HAL_PCD_EP_SetStall                               build/stm32f3xx_hal_pcd.o
HAL_PCD_EP_Transmit                               build/stm32f3xx_hal_pcd.o
HAL_PCD_GetState                                  build/stm32f3xx_hal_pcd.o
HAL_PCD_IRQHandler                                build/stm32f3xx_hal_pcd.o
                                                  build/stm32f3xx_it.o
HAL_PCD_ISOINIncompleteCallback                   build/stm32f3xx_hal_pcd.o
HAL_PCD_ISOOUTIncompleteCallback                  build/stm32f3xx_hal_pcd.o
HAL_PCD_Init                                      build/stm32f3xx_hal_pcd.o
                                                  build/usb.o
HAL_PCD_MspDeInit                                 build/usb.o
HAL_PCD_MspInit                                   build/usb.o
HAL_PCD_ResetCallback                             build/stm32f3xx_hal_pcd.o
HAL_PCD_ResumeCallback                            build/stm32f3xx_hal_pcd.o
HAL_PCD_SOFCallback                               build/stm32f3xx_hal_pcd.o
HAL_PCD_SetAddress                                build/stm32f3xx_hal_pcd.o
HAL_PCD_SetupStageCallback                        build/stm32f3xx_hal_pcd.o
HAL_PCD_Start                                     build/stm32f3xx_hal_pcd.o
HAL_PCD_Stop                                      build/stm32f3xx_hal_pcd.o
HAL_PCD_SuspendCallback                           build/stm32f3xx_hal_pcd.o
HAL_PWR_ConfigPVD                                 build/stm32f3xx_hal_pwr_ex.o
HAL_PWR_DeInit                                    build/stm32f3xx_hal_pwr.o
HAL_PWR_DisableBkUpAccess                         build/stm32f3xx_hal_pwr.o
HAL_PWR_DisablePVD                                build/stm32f3xx_hal_pwr_ex.o
HAL_PWR_DisableSEVOnPend                          build/stm32f3xx_hal_pwr.o
HAL_PWR_DisableSleepOnExit                        build/stm32f3xx_hal_pwr.o
HAL_PWR_DisableWakeUpPin                          build/stm32f3xx_hal_pwr.o
HAL_PWR_EnableBkUpAccess                          build/stm32f3xx_hal_pwr.o
HAL_PWR_EnablePVD                                 build/stm32f3xx_hal_pwr_ex.o
HAL_PWR_EnableSEVOnPend                           build/stm32f3xx_hal_pwr.o
HAL_PWR_EnableSleepOnExit                         build/stm32f3xx_hal_pwr.o
HAL_PWR_EnableWakeUpPin                           build/stm32f3xx_hal_pwr.o
HAL_PWR_EnterSLEEPMode                            build/stm32f3xx_hal_pwr.o
HAL_PWR_EnterSTANDBYMode                          build/stm32f3xx_hal_pwr.o
HAL_PWR_EnterSTOPMode                             build/stm32f3xx_hal_pwr.o
HAL_PWR_PVDCallback                               build/stm32f3xx_hal_pwr_ex.o
HAL_PWR_PVD_IRQHandler                            build/stm32f3xx_hal_pwr_ex.o
HAL_RCCEx_GetPeriphCLKConfig                      build/stm32f3xx_hal_rcc_ex.o
HAL_RCCEx_GetPeriphCLKFreq                        build/stm32f3xx_hal_rcc_ex.o
HAL_RCCEx_PeriphCLKConfig                         build/stm32f3xx_hal_rcc_ex.o
                                                  build/main.o
HAL_RCC_CSSCallback                               build/stm32f3xx_hal_rcc.o
HAL_RCC_ClockConfig                               build/stm32f3xx_hal_rcc.o
                                                  build/main.o
HAL_RCC_DeInit                                    build/stm32f3xx_hal_rcc.o
HAL_RCC_DisableCSS                                build/stm32f3xx_hal_rcc.o
HAL_RCC_EnableCSS                                 build/stm32f3xx_hal_rcc.o
HAL_RCC_GetClockConfig                            build/stm32f3xx_hal_rcc.o
HAL_RCC_GetHCLKFreq                               build/stm32f3xx_hal_rcc.o
                                                  build/main.o
HAL_RCC_GetOscConfig                              build/stm32f3xx_hal_rcc.o
HAL_RCC_GetPCLK1Freq                              build/stm32f3xx_hal_rcc.o
                                                  build/stm32f3xx_hal_rcc_ex.o
                                                  build/stm32f3xx_hal_uart.o
HAL_RCC_GetPCLK2Freq                              build/stm32f3xx_hal_rcc.o
                                                  build/stm32f3xx_hal_rcc_ex.o
                                                  build/stm32f3xx_hal_uart.o
HAL_RCC_GetSysClockFreq                           build/stm32f3xx_hal_rcc.o
                                                  build/stm32f3xx_hal_rcc_ex.o
                                                  build/stm32f3xx_hal_uart.o
HAL_RCC_MCOConfig                                 build/stm32f3xx_hal_rcc.o
HAL_RCC_NMI_IRQHandler                            build/stm32f3xx_hal_rcc.o
HAL_RCC_OscConfig                                 build/stm32f3xx_hal_rcc.o
                                                  build/main.o
HAL_RS485Ex_Init                                  build/stm32f3xx_hal_uart_ex.o
HAL_RTCEx_AlarmBEventCallback                     build/stm32f3xx_hal_rtc_ex.o
                                                  build/stm32f3xx_hal_rtc.o
HAL_RTCEx_BKUPRead                                build/stm32f3xx_hal_rtc_ex.o
HAL_RTCEx_BKUPWrite                               build/stm32f3xx_hal_rtc_ex.o
HAL_RTCEx_DeactivateCalibrationOutPut             build/stm32f3xx_hal_rtc_ex.o
HAL_RTCEx_DeactivateRefClock                      build/stm32f3xx_hal_rtc_ex.o
HAL_RTCEx_DeactivateTamper                        build/stm32f3xx_hal_rtc_ex.o
HAL_RTCEx_DeactivateTimeStamp                     build/stm32f3xx_hal_rtc_ex.o
HAL_RTCEx_DeactivateWakeUpTimer                   build/stm32f3xx_hal_rtc_ex.o
HAL_RTCEx_DisableBypassShadow                     build/stm32f3xx_hal_rtc_ex.o
HAL_RTCEx_EnableBypassShadow                      build/stm32f3xx_hal_rtc_ex.o
HAL_RTCEx_GetTimeStamp                            build/stm32f3xx_hal_rtc_ex.o
HAL_RTCEx_GetWakeUpTimer                          build/stm32f3xx_hal_rtc_ex.o
HAL_RTCEx_PollForAlarmBEvent                      build/stm32f3xx_hal_rtc_ex.o
HAL_RTCEx_PollForTamper1Event                     build/stm32f3xx_hal_rtc_ex.o
HAL_RTCEx_PollForTamper2Event                     build/stm32f3xx_hal_rtc_ex.o
HAL_RTCEx_PollForTamper3Event                     build/stm32f3xx_hal_rtc_ex.o
HAL_RTCEx_PollForTimeStampEvent                   build/stm32f3xx_hal_rtc_ex.o
HAL_RTCEx_PollForWakeUpTimerEvent                 build/stm32f3xx_hal_rtc_ex.o
HAL_RTCEx_SetCalibrationOutPut                    build/stm32f3xx_hal_rtc_ex.o
HAL_RTCEx_SetRefClock                             build/stm32f3xx_hal_rtc_ex.o
HAL_RTCEx_SetSmoothCalib                          build/stm32f3xx_hal_rtc_ex.o
HAL_RTCEx_SetSynchroShift                         build/stm32f3xx_hal_rtc_ex.o
HAL_RTCEx_SetTamper                               build/stm32f3xx_hal_rtc_ex.o
HAL_RTCEx_SetTamper_IT                            build/stm32f3xx_hal_rtc_ex.o
HAL_RTCEx_SetTimeStamp                            build/stm32f3xx_hal_rtc_ex.o
HAL_RTCEx_SetTimeStamp_IT                         build/stm32f3xx_hal_rtc_ex.o
HAL_RTCEx_SetWakeUpTimer                          build/stm32f3xx_hal_rtc_ex.o
HAL_RTCEx_SetWakeUpTimer_IT                       build/stm32f3xx_hal_rtc_ex.o
HAL_RTCEx_Tamper1EventCallback                    build/stm32f3xx_hal_rtc_ex.o
HAL_RTCEx_Tamper2EventCallback                    build/stm32f3xx_hal_rtc_ex.o
HAL_RTCEx_Tamper3EventCallback                    build/stm32f3xx_hal_rtc_ex.o
HAL_RTCEx_TamperTimeStampIRQHandler               build/stm32f3xx_hal_rtc_ex.o
HAL_RTCEx_TimeStampEventCallback                  build/stm32f3xx_hal_rtc_ex.o
HAL_RTCEx_WakeUpTimerEventCallback                build/stm32f3xx_hal_rtc_ex.o
HAL_RTCEx_WakeUpTimerIRQHandler                   build/stm32f3xx_hal_rtc_ex.o
HAL_RTC_AlarmAEventCallback                       build/stm32f3xx_hal_rtc.o
HAL_RTC_AlarmIRQHandler                           build/stm32f3xx_hal_rtc.o
HAL_RTC_DeInit                                    build/stm32f3xx_hal_rtc.o
HAL_RTC_DeactivateAlarm                           build/stm32f3xx_hal_rtc.o
HAL_RTC_GetAlarm                                  build/stm32f3xx_hal_rtc.o
HAL_RTC_GetDate                                   build/stm32f3xx_hal_rtc.o
HAL_RTC_GetState                                  build/stm32f3xx_hal_rtc.o
HAL_RTC_GetTime                                   build/stm32f3xx_hal_rtc.o
HAL_RTC_Init                                      build/stm32f3xx_hal_rtc.o
                                                  build/rtc.o
HAL_RTC_MspDeInit                                 build/rtc.o
HAL_RTC_MspInit                                   build/rtc.o
HAL_RTC_PollForAlarmAEvent                        build/stm32f3xx_hal_rtc.o
HAL_RTC_SetAlarm                                  build/stm32f3xx_hal_rtc.o
HAL_RTC_SetAlarm_IT                               build/stm32f3xx_hal_rtc.o
HAL_RTC_SetDate                                   build/stm32f3xx_hal_rtc.o
HAL_RTC_SetTime                                   build/stm32f3xx_hal_rtc.o
HAL_RTC_WaitForSynchro                            build/stm32f3xx_hal_rtc.o
                                                  build/stm32f3xx_hal_rtc_ex.o
HAL_ResumeTick                                    build/stm32f3xx_hal.o
HAL_SYSTICK_CLKSourceConfig                       build/stm32f3xx_hal_cortex.o
                                                  build/main.o
HAL_SYSTICK_Callback                              build/stm32f3xx_hal_cortex.o
HAL_SYSTICK_Config                                build/stm32f3xx_hal_cortex.o
                                                  build/stm32f3xx_hal.o
                                                  build/main.o
HAL_SYSTICK_IRQHandler                            build/stm32f3xx_hal_cortex.o
                                                  build/stm32f3xx_it.o
HAL_SetTickFreq                                   build/stm32f3xx_hal.o
HAL_SuspendTick                                   build/stm32f3xx_hal.o
HAL_TIMEx_Break2Callback                          build/stm32f3xx_hal_tim_ex.o
                                                  build/stm32f3xx_hal_tim.o
HAL_TIMEx_BreakCallback                           build/stm32f3xx_hal_tim_ex.o
                                                  build/stm32f3xx_hal_tim.o
HAL_TIMEx_CommutationCallback                     build/stm32f3xx_hal_tim_ex.o
                                                  build/stm32f3xx_hal_tim.o
HAL_TIMEx_ConfigBreakDeadTime                     build/stm32f3xx_hal_tim_ex.o
HAL_TIMEx_ConfigCommutationEvent                  build/stm32f3xx_hal_tim_ex.o
HAL_TIMEx_ConfigCommutationEvent_DMA              build/stm32f3xx_hal_tim_ex.o
HAL_TIMEx_ConfigCommutationEvent_IT               build/stm32f3xx_hal_tim_ex.o
HAL_TIMEx_GroupChannel5                           build/stm32f3xx_hal_tim_ex.o
HAL_TIMEx_HallSensor_DeInit                       build/stm32f3xx_hal_tim_ex.o
HAL_TIMEx_HallSensor_GetState                     build/stm32f3xx_hal_tim_ex.o
HAL_TIMEx_HallSensor_Init                         build/stm32f3xx_hal_tim_ex.o
HAL_TIMEx_HallSensor_MspDeInit                    build/stm32f3xx_hal_tim_ex.o
HAL_TIMEx_HallSensor_MspInit                      build/stm32f3xx_hal_tim_ex.o
HAL_TIMEx_HallSensor_Start                        build/stm32f3xx_hal_tim_ex.o
HAL_TIMEx_HallSensor_Start_DMA                    build/stm32f3xx_hal_tim_ex.o
HAL_TIMEx_HallSensor_Start_IT                     build/stm32f3xx_hal_tim_ex.o
HAL_TIMEx_HallSensor_Stop                         build/stm32f3xx_hal_tim_ex.o
HAL_TIMEx_HallSensor_Stop_DMA                     build/stm32f3xx_hal_tim_ex.o
HAL_TIMEx_HallSensor_Stop_IT                      build/stm32f3xx_hal_tim_ex.o
HAL_TIMEx_MasterConfigSynchronization             build/stm32f3xx_hal_tim_ex.o
                                                  build/tim.o
HAL_TIMEx_OCN_Start                               build/stm32f3xx_hal_tim_ex.o
HAL_TIMEx_OCN_Start_DMA                           build/stm32f3xx_hal_tim_ex.o
HAL_TIMEx_OCN_Start_IT                            build/stm32f3xx_hal_tim_ex.o
HAL_TIMEx_OCN_Stop                                build/stm32f3xx_hal_tim_ex.o
HAL_TIMEx_OCN_Stop_DMA                            build/stm32f3xx_hal_tim_ex.o
HAL_TIMEx_OCN_Stop_IT                             build/stm32f3xx_hal_tim_ex.o
HAL_TIMEx_OnePulseN_Start                         build/stm32f3xx_hal_tim_ex.o
HAL_TIMEx_OnePulseN_Start_IT                      build/stm32f3xx_hal_tim_ex.o
HAL_TIMEx_OnePulseN_Stop                          build/stm32f3xx_hal_tim_ex.o
HAL_TIMEx_OnePulseN_Stop_IT                       build/stm32f3xx_hal_tim_ex.o
HAL_TIMEx_PWMN_Start                              build/stm32f3xx_hal_tim_ex.o
HAL_TIMEx_PWMN_Start_DMA                          build/stm32f3xx_hal_tim_ex.o
HAL_TIMEx_PWMN_Start_IT                           build/stm32f3xx_hal_tim_ex.o
HAL_TIMEx_PWMN_Stop                               build/stm32f3xx_hal_tim_ex.o
HAL_TIMEx_PWMN_Stop_DMA                           build/stm32f3xx_hal_tim_ex.o
HAL_TIMEx_PWMN_Stop_IT                            build/stm32f3xx_hal_tim_ex.o
HAL_TIMEx_RemapConfig                             build/stm32f3xx_hal_tim_ex.o
HAL_TIM_Base_DeInit                               build/stm32f3xx_hal_tim.o
HAL_TIM_Base_GetState                             build/stm32f3xx_hal_tim.o
HAL_TIM_Base_Init                                 build/stm32f3xx_hal_tim.o
                                                  build/tim.o
HAL_TIM_Base_MspDeInit                            build/tim.o
HAL_TIM_Base_MspInit                              build/tim.o
HAL_TIM_Base_Start                                build/stm32f3xx_hal_tim.o
HAL_TIM_Base_Start_DMA                            build/stm32f3xx_hal_tim.o
HAL_TIM_Base_Start_IT                             build/stm32f3xx_hal_tim.o
HAL_TIM_Base_Stop                                 build/stm32f3xx_hal_tim.o
HAL_TIM_Base_Stop_DMA                             build/stm32f3xx_hal_tim.o
HAL_TIM_Base_Stop_IT                              build/stm32f3xx_hal_tim.o
HAL_TIM_ConfigClockSource                         build/stm32f3xx_hal_tim.o
                                                  build/tim.o
HAL_TIM_ConfigOCrefClear                          build/stm32f3xx_hal_tim_ex.o
                                                  build/stm32f3xx_hal_tim.o
HAL_TIM_ConfigTI1Input                            build/stm32f3xx_hal_tim.o
HAL_TIM_DMABurst_MultiReadStart                   build/stm32f3xx_hal_tim.o
HAL_TIM_DMABurst_MultiWriteStart                  build/stm32f3xx_hal_tim.o
HAL_TIM_DMABurst_ReadStart                        build/stm32f3xx_hal_tim.o
HAL_TIM_DMABurst_ReadStop                         build/stm32f3xx_hal_tim.o
HAL_TIM_DMABurst_WriteStart                       build/stm32f3xx_hal_tim.o
HAL_TIM_DMABurst_WriteStop                        build/stm32f3xx_hal_tim.o
HAL_TIM_Encoder_DeInit                            build/stm32f3xx_hal_tim.o
HAL_TIM_Encoder_GetState                          build/stm32f3xx_hal_tim.o
HAL_TIM_Encoder_Init                              build/stm32f3xx_hal_tim.o
HAL_TIM_Encoder_MspDeInit                         build/stm32f3xx_hal_tim.o
HAL_TIM_Encoder_MspInit                           build/stm32f3xx_hal_tim.o
HAL_TIM_Encoder_Start                             build/stm32f3xx_hal_tim.o
HAL_TIM_Encoder_Start_DMA                         build/stm32f3xx_hal_tim.o
HAL_TIM_Encoder_Start_IT                          build/stm32f3xx_hal_tim.o
HAL_TIM_Encoder_Stop                              build/stm32f3xx_hal_tim.o
HAL_TIM_Encoder_Stop_DMA                          build/stm32f3xx_hal_tim.o
HAL_TIM_Encoder_Stop_IT                           build/stm32f3xx_hal_tim.o
HAL_TIM_ErrorCallback                             build/stm32f3xx_hal_tim.o
HAL_TIM_GenerateEvent                             build/stm32f3xx_hal_tim.o
HAL_TIM_IC_CaptureCallback                        build/stm32f3xx_hal_tim.o
HAL_TIM_IC_ConfigChannel                          build/stm32f3xx_hal_tim.o
HAL_TIM_IC_DeInit                                 build/stm32f3xx_hal_tim.o
HAL_TIM_IC_GetState                               build/stm32f3xx_hal_tim.o
HAL_TIM_IC_Init                                   build/stm32f3xx_hal_tim.o
HAL_TIM_IC_MspDeInit                              build/stm32f3xx_hal_tim.o
HAL_TIM_IC_MspInit                                build/stm32f3xx_hal_tim.o
HAL_TIM_IC_Start                                  build/stm32f3xx_hal_tim.o
HAL_TIM_IC_Start_DMA                              build/stm32f3xx_hal_tim.o
HAL_TIM_IC_Start_IT                               build/stm32f3xx_hal_tim.o
HAL_TIM_IC_Stop                                   build/stm32f3xx_hal_tim.o
HAL_TIM_IC_Stop_DMA                               build/stm32f3xx_hal_tim.o
HAL_TIM_IC_Stop_IT                                build/stm32f3xx_hal_tim.o
HAL_TIM_IRQHandler                                build/stm32f3xx_hal_tim.o
HAL_TIM_MspPostInit                               build/tim.o
HAL_TIM_OC_ConfigChannel                          build/stm32f3xx_hal_tim_ex.o
                                                  build/stm32f3xx_hal_tim.o
HAL_TIM_OC_DeInit                                 build/stm32f3xx_hal_tim.o
HAL_TIM_OC_DelayElapsedCallback                   build/stm32f3xx_hal_tim.o
HAL_TIM_OC_GetState                               build/stm32f3xx_hal_tim.o
HAL_TIM_OC_Init                                   build/stm32f3xx_hal_tim.o
HAL_TIM_OC_MspDeInit                              build/stm32f3xx_hal_tim.o
HAL_TIM_OC_MspInit                                build/stm32f3xx_hal_tim.o
HAL_TIM_OC_Start                                  build/stm32f3xx_hal_tim.o
HAL_TIM_OC_Start_DMA                              build/stm32f3xx_hal_tim.o
HAL_TIM_OC_Start_IT                               build/stm32f3xx_hal_tim.o
HAL_TIM_OC_Stop                                   build/stm32f3xx_hal_tim.o
HAL_TIM_OC_Stop_DMA                               build/stm32f3xx_hal_tim.o
HAL_TIM_OC_Stop_IT                                build/stm32f3xx_hal_tim.o
HAL_TIM_OnePulse_ConfigChannel                    build/stm32f3xx_hal_tim.o
HAL_TIM_OnePulse_DeInit                           build/stm32f3xx_hal_tim.o
HAL_TIM_OnePulse_GetState                         build/stm32f3xx_hal_tim.o
HAL_TIM_OnePulse_Init                             build/stm32f3xx_hal_tim.o
HAL_TIM_OnePulse_MspDeInit                        build/stm32f3xx_hal_tim.o
HAL_TIM_OnePulse_MspInit                          build/stm32f3xx_hal_tim.o
HAL_TIM_OnePulse_Start                            build/stm32f3xx_hal_tim.o
HAL_TIM_OnePulse_Start_IT                         build/stm32f3xx_hal_tim.o
HAL_TIM_OnePulse_Stop                             build/stm32f3xx_hal_tim.o
HAL_TIM_OnePulse_Stop_IT                          build/stm32f3xx_hal_tim.o
HAL_TIM_PWM_ConfigChannel                         build/stm32f3xx_hal_tim_ex.o
                                                  build/stm32f3xx_hal_tim.o
                                                  build/tim.o
HAL_TIM_PWM_DeInit                                build/stm32f3xx_hal_tim.o
HAL_TIM_PWM_GetState                              build/stm32f3xx_hal_tim.o
HAL_TIM_PWM_Init                                  build/stm32f3xx_hal_tim.o
                                                  build/tim.o
HAL_TIM_PWM_MspDeInit                             build/stm32f3xx_hal_tim.o
HAL_TIM_PWM_MspInit                               build/stm32f3xx_hal_tim.o
HAL_TIM_PWM_PulseFinishedCallback                 build/stm32f3xx_hal_tim.o
HAL_TIM_PWM_Start                                 build/stm32f3xx_hal_tim.o
                                                  build/main.o
HAL_TIM_PWM_Start_DMA                             build/stm32f3xx_hal_tim.o
HAL_TIM_PWM_Start_IT                              build/stm32f3xx_hal_tim.o
HAL_TIM_PWM_Stop                                  build/stm32f3xx_hal_tim.o
HAL_TIM_PWM_Stop_DMA                              build/stm32f3xx_hal_tim.o
HAL_TIM_PWM_Stop_IT                               build/stm32f3xx_hal_tim.o
HAL_TIM_PeriodElapsedCallback                     build/stm32f3xx_hal_tim.o
HAL_TIM_ReadCapturedValue                         build/stm32f3xx_hal_tim.o
HAL_TIM_SlaveConfigSynchronization                build/stm32f3xx_hal_tim.o
HAL_TIM_SlaveConfigSynchronization_IT             build/stm32f3xx_hal_tim.o
HAL_TIM_TriggerCallback                           build/stm32f3xx_hal_tim.o
HAL_UARTEx_DisableStopMode                        build/stm32f3xx_hal_uart_ex.o
HAL_UARTEx_EnableStopMode                         build/stm32f3xx_hal_uart_ex.o
HAL_UARTEx_StopModeWakeUpSourceConfig             build/stm32f3xx_hal_uart_ex.o
HAL_UARTEx_WakeupCallback                         build/stm32f3xx_hal_uart_ex.o
                                                  build/stm32f3xx_hal_uart.o
HAL_UART_Abort                                    build/stm32f3xx_hal_uart.o
HAL_UART_AbortCpltCallback                        build/stm32f3xx_hal_uart.o
HAL_UART_AbortReceive                             build/stm32f3xx_hal_uart.o
HAL_UART_AbortReceiveCpltCallback                 build/stm32f3xx_hal_uart.o
HAL_UART_AbortReceive_IT                          build/stm32f3xx_hal_uart.o
HAL_UART_AbortTransmit                            build/stm32f3xx_hal_uart.o
HAL_UART_AbortTransmitCpltCallback                build/stm32f3xx_hal_uart.o
HAL_UART_AbortTransmit_IT                         build/stm32f3xx_hal_uart.o
HAL_UART_Abort_IT                                 build/stm32f3xx_hal_uart.o
HAL_UART_DMAPause                                 build/stm32f3xx_hal_uart.o
HAL_UART_DMAResume                                build/stm32f3xx_hal_uart.o
HAL_UART_DMAStop                                  build/stm32f3xx_hal_uart.o
HAL_UART_DeInit                                   build/stm32f3xx_hal_uart.o
HAL_UART_ErrorCallback                            build/stm32f3xx_hal_uart.o
HAL_UART_GetError                                 build/stm32f3xx_hal_uart.o
HAL_UART_GetState                                 build/stm32f3xx_hal_uart.o
HAL_UART_IRQHandler                               build/stm32f3xx_hal_uart.o
HAL_UART_Init                                     build/stm32f3xx_hal_uart.o
                                                  build/usart.o
HAL_UART_MspDeInit                                build/usart.o
HAL_UART_MspInit                                  build/usart.o
                                                  build/stm32f3xx_hal_uart_ex.o
HAL_UART_Receive                                  build/stm32f3xx_hal_uart.o
HAL_UART_Receive_DMA                              build/stm32f3xx_hal_uart.o
HAL_UART_Receive_IT                               build/stm32f3xx_hal_uart.o
HAL_UART_RxCpltCallback                           build/stm32f3xx_hal_uart.o
HAL_UART_RxHalfCpltCallback                       build/stm32f3xx_hal_uart.o
HAL_UART_Transmit                                 build/stm32f3xx_hal_uart.o
HAL_UART_Transmit_DMA                             build/stm32f3xx_hal_uart.o
HAL_UART_Transmit_IT                              build/stm32f3xx_hal_uart.o
HAL_UART_TxCpltCallback                           build/stm32f3xx_hal_uart.o
HAL_UART_TxHalfCpltCallback                       build/stm32f3xx_hal_uart.o
HardFault_Handler                                 build/stm32f3xx_it.o
I2C1_ER_IRQHandler                                build/startup_stm32f303xe.o
I2C1_EV_IRQHandler                                build/startup_stm32f303xe.o
I2C2_ER_IRQHandler                                build/startup_stm32f303xe.o
I2C2_EV_IRQHandler                                build/startup_stm32f303xe.o
I2C3_ER_IRQHandler                                build/startup_stm32f303xe.o
I2C3_EV_IRQHandler                                build/startup_stm32f303xe.o
MX_GPIO_Init                                      build/gpio.o
                                                  build/main.o
MX_RTC_Init                                       build/rtc.o
                                                  build/main.o
MX_TIM2_Init                                      build/tim.o
                                                  build/main.o
MX_USART3_UART_Init                               build/usart.o
                                                  build/main.o
MX_USB_PCD_Init                                   build/usb.o
                                                  build/main.o
MemManage_Handler                                 build/stm32f3xx_it.o
NMI_Handler                                       build/stm32f3xx_it.o
PCD_ReadPMA                                       build/stm32f3xx_hal_pcd_ex.o
                                                  build/stm32f3xx_hal_pcd.o
PCD_WritePMA                                      build/stm32f3xx_hal_pcd_ex.o
                                                  build/stm32f3xx_hal_pcd.o
PVD_IRQHandler                                    build/startup_stm32f303xe.o
PendSV_Handler                                    build/stm32f3xx_it.o
RCC_IRQHandler                                    build/startup_stm32f303xe.o
RTC_Alarm_IRQHandler                              build/startup_stm32f303xe.o
RTC_Bcd2ToByte                                    build/stm32f3xx_hal_rtc.o
                                                  build/stm32f3xx_hal_rtc_ex.o
RTC_ByteToBcd2                                    build/stm32f3xx_hal_rtc.o
RTC_EnterInitMode                                 build/stm32f3xx_hal_rtc.o
                                                  build/stm32f3xx_hal_rtc_ex.o
RTC_WKUP_IRQHandler                               build/startup_stm32f303xe.o
Reset_Handler                                     build/startup_stm32f303xe.o
SPI1_IRQHandler                                   build/startup_stm32f303xe.o
SPI2_IRQHandler                                   build/startup_stm32f303xe.o
SPI3_IRQHandler                                   build/startup_stm32f303xe.o
SPI4_IRQHandler                                   build/startup_stm32f303xe.o
SVC_Handler                                       build/stm32f3xx_it.o
SysTick_Handler                                   build/stm32f3xx_it.o
SystemClock_Config                                build/main.o
SystemCoreClock                                   build/system_stm32f3xx.o
                                                  build/stm32f3xx_hal_rcc_ex.o
                                                  build/stm32f3xx_hal_rcc.o
                                                  build/stm32f3xx_hal.o
SystemCoreClockUpdate                             build/system_stm32f3xx.o
SystemInit                                        build/system_stm32f3xx.o
                                                  build/startup_stm32f303xe.o
TAMP_STAMP_IRQHandler                             build/startup_stm32f303xe.o
TIM1_BRK_TIM15_IRQHandler                         build/startup_stm32f303xe.o
TIM1_CC_IRQHandler                                build/startup_stm32f303xe.o
TIM1_TRG_COM_TIM17_IRQHandler                     build/startup_stm32f303xe.o
TIM1_UP_TIM16_IRQHandler                          build/startup_stm32f303xe.o
TIM20_BRK_IRQHandler                              build/startup_stm32f303xe.o
TIM20_CC_IRQHandler                               build/startup_stm32f303xe.o
TIM20_TRG_COM_IRQHandler                          build/startup_stm32f303xe.o
TIM20_UP_IRQHandler                               build/startup_stm32f303xe.o
TIM2_IRQHandler                                   build/startup_stm32f303xe.o
TIM3_IRQHandler                                   build/startup_stm32f303xe.o
TIM4_IRQHandler                                   build/startup_stm32f303xe.o
TIM6_DAC_IRQHandler                               build/startup_stm32f303xe.o
TIM7_IRQHandler                                   build/startup_stm32f303xe.o
TIM8_BRK_IRQHandler                               build/startup_stm32f303xe.o
TIM8_CC_IRQHandler                                build/startup_stm32f303xe.o
TIM8_TRG_COM_IRQHandler                           build/startup_stm32f303xe.o
TIM8_UP_IRQHandler                                build/startup_stm32f303xe.o